Component: ARM Compiler 5.06 update 7 (build 960) Tool: armlink [4d3601]

==============================================================================

Section Cross References

    kalman.o(i.kalman_filter_calc) refers to arm_mat_init_f32.o(.text.arm_mat_init_f32) for arm_mat_init_f32
    kalman.o(i.kalman_filter_calc) refers to arm_mat_mult_f32.o(.text.arm_mat_mult_f32) for arm_mat_mult_f32
    kalman.o(i.kalman_filter_calc) refers to arm_mat_add_f32.o(.text.arm_mat_add_f32) for arm_mat_add_f32
    kalman.o(i.kalman_filter_calc) refers to arm_mat_inverse_f32.o(.text.arm_mat_inverse_f32) for arm_mat_inverse_f32
    kalman.o(i.kalman_filter_calc) refers to arm_mat_sub_f32.o(.text.arm_mat_sub_f32) for arm_mat_sub_f32
    kalman.o(i.kalman_filter_init) refers to arm_mat_init_f32.o(.text.arm_mat_init_f32) for arm_mat_init_f32
    kalman.o(i.kalman_filter_init) refers to arm_mat_trans_f32.o(.text.arm_mat_trans_f32) for arm_mat_trans_f32
    pid.o(i.PID_Init) refers to pid.o(i.PID_clear) for PID_clear
    pid.o(i.PID_Init) refers to pid.o(i.PID_param_init) for PID_param_init
    pid.o(i.f_PID_Calculate) refers to pid.o(i.f_PID_ErrorHandle) for f_PID_ErrorHandle
    covertask.o(i.coverTask) refers to tasks.o(i.vTaskDelay) for vTaskDelay
    covertask.o(i.coverTask) refers to bsp_rc.o(.bss) for rc_ctrl
    covertask.o(i.coverTask) refers to covertask.o(.data) for flag_r
    covertask.o(i.coverTask) refers to gimbaltask.o(.data) for gimbal
    covertask.o(i.coverTask) refers to tim.o(.bss) for htim1
    firetask.o(i.fireTask) refers to rt_memcpy_w.o(.text) for __aeabi_memcpy4
    firetask.o(i.fireTask) refers to pid.o(i.PID_Init) for PID_Init
    firetask.o(i.fireTask) refers to cmsis_os.o(i.osKernelSysTick) for osKernelSysTick
    firetask.o(i.fireTask) refers to firetask.o(i.fire_ctrl) for fire_ctrl
    firetask.o(i.fireTask) refers to pid.o(i.f_PID_Calculate) for f_PID_Calculate
    firetask.o(i.fireTask) refers to tasks.o(i.vTaskDelay) for vTaskDelay
    firetask.o(i.fireTask) refers to firetask.o(.constdata) for .constdata
    firetask.o(i.fireTask) refers to firetask.o(.data) for gun
    firetask.o(i.fireTask) refers to bsp_can.o(.data) for mcu_CAN
    firetask.o(i.fire_ctrl) refers to pid.o(i.f_PID_Calculate) for f_PID_Calculate
    firetask.o(i.fire_ctrl) refers to firetask.o(.data) for gun
    firetask.o(i.fire_ctrl) refers to bsp_rc.o(.bss) for rc_ctrl
    firetask.o(i.fire_ctrl) refers to bsp_can.o(.data) for mcu_CAN
    firetask.o(.data) refers to motor.o(.data) for DJI_Motor
    gimbaltask.o(i.dlfjlkdf) refers to f2d.o(x$fpl$f2d) for __aeabi_f2d
    gimbaltask.o(i.dlfjlkdf) refers to daddsub_clz.o(x$fpl$dadd) for __aeabi_dadd
    gimbaltask.o(i.dlfjlkdf) refers to d2f.o(x$fpl$d2f) for __aeabi_d2f
    gimbaltask.o(i.dlfjlkdf) refers to gimbaltask.o(.data) for lastAngle
    gimbaltask.o(i.gimbalTask) refers to rt_memcpy_w.o(.text) for __aeabi_memcpy4
    gimbaltask.o(i.gimbalTask) refers to pid.o(i.PID_Init) for PID_Init
    gimbaltask.o(i.gimbalTask) refers to gimbaltask.o(i.posture_ctrl) for posture_ctrl
    gimbaltask.o(i.gimbalTask) refers to gimbaltask.o(i.ramp_fuction) for ramp_fuction
    gimbaltask.o(i.gimbalTask) refers to tasks.o(i.vTaskDelay) for vTaskDelay
    gimbaltask.o(i.gimbalTask) refers to gimbaltask.o(.constdata) for .constdata
    gimbaltask.o(i.gimbalTask) refers to gimbaltask.o(.data) for gimbal
    gimbaltask.o(i.gimbalTask) refers to ins_task.o(.bss) for INS_Info
    gimbaltask.o(i.gimbalTask) refers to bsp_rc.o(.bss) for rc_ctrl
    gimbaltask.o(i.gimbalTask) refers to bsp_can.o(.data) for mcu_CAN
    gimbaltask.o(i.posture_ctrl) refers to stm32f4xx_hal_gpio.o(i.HAL_GPIO_TogglePin) for HAL_GPIO_TogglePin
    gimbaltask.o(i.posture_ctrl) refers to pid.o(i.f_PID_Calculate) for f_PID_Calculate
    gimbaltask.o(i.posture_ctrl) refers to gimbaltask.o(.data) for gimbal
    gimbaltask.o(i.posture_ctrl) refers to bsp_rc.o(.bss) for rc_ctrl
    gimbaltask.o(i.posture_ctrl) refers to vision.o(.bss) for tx2
    gimbaltask.o(i.posture_ctrl) refers to ins_task.o(.bss) for INS_Info
    gimbaltask.o(.data) refers to motor.o(.data) for DJI_Motor
    ins_task.o(i.IMU_getValues) refers to rt_memclr_w.o(.text) for __aeabi_memclr4
    ins_task.o(i.IMU_getValues) refers to message.o(i.f_get_bmi088_message) for f_get_bmi088_message
    ins_task.o(i.IMU_getValues) refers to ins_task.o(.data) for bmi088_data
    ins_task.o(i.IMU_getValues) refers to ins_task.o(.bss) for BMI088_FIFO
    ins_task.o(i.INS_Init) refers to message.o(i.f_get_bmi088_message) for f_get_bmi088_message
    ins_task.o(i.INS_Init) refers to pid.o(i.PID_Delta_init) for PID_Delta_init
    ins_task.o(i.INS_Init) refers to ins_task.o(i.imu_cali_slove) for imu_cali_slove
    ins_task.o(i.INS_Init) refers to ahrs.o(i.AHRS_init) for AHRS_init
    ins_task.o(i.INS_Init) refers to ins_task.o(.data) for bmi088_data
[...]
    __rt_lib_shutdown_user_alloc_1           0x08000247   Thumb Code     0  libshutdown2.o(.ARM.Collect$$libshutdown$$0000000E)
    __rt_entry                               0x08000249   Thumb Code     0  __rtentry.o(.ARM.Collect$$rtentry$$00000000)
    __rt_entry_presh_1                       0x08000249   Thumb Code     0  __rtentry2.o(.ARM.Collect$$rtentry$$00000002)
    __rt_entry_sh                            0x08000249   Thumb Code     0  __rtentry4.o(.ARM.Collect$$rtentry$$00000004)
    __rt_entry_li                            0x0800024f   Thumb Code     0  __rtentry2.o(.ARM.Collect$$rtentry$$0000000A)
    __rt_entry_postsh_1                      0x0800024f   Thumb Code     0  __rtentry2.o(.ARM.Collect$$rtentry$$00000009)
    __rt_entry_main                          0x08000253   Thumb Code     0  __rtentry2.o(.ARM.Collect$$rtentry$$0000000D)
    __rt_entry_postli_1                      0x08000253   Thumb Code     0  __rtentry2.o(.ARM.Collect$$rtentry$$0000000C)
    __rt_exit                                0x0800025b   Thumb Code     0  rtexit.o(.ARM.Collect$$rtexit$$00000000)
    __rt_exit_ls                             0x0800025d   Thumb Code     0  rtexit2.o(.ARM.Collect$$rtexit$$00000003)
    __rt_exit_prels_1                        0x0800025d   Thumb Code     0  rtexit2.o(.ARM.Collect$$rtexit$$00000002)
    __rt_exit_exit                           0x08000261   Thumb Code     0  rtexit2.o(.ARM.Collect$$rtexit$$00000004)
    SVC_Handler                              0x08000269   Thumb Code    28  port.o(.emb_text)
    __asm___6_port_c_39a90d8d__prvStartFirstTask 0x08000289   Thumb Code    36  port.o(.emb_text)
    __asm___6_port_c_39a90d8d__prvEnableVFP  0x080002b1   Thumb Code    16  port.o(.emb_text)
    PendSV_Handler                           0x080002c5   Thumb Code    88  port.o(.emb_text)
    vPortGetIPSR                             0x08000321   Thumb Code     6  port.o(.emb_text)
    Reset_Handler                            0x08000329   Thumb Code     8  startup_stm32f407xx.o(.text)
    ADC_IRQHandler                           0x08000343   Thumb Code     0  startup_stm32f407xx.o(.text)
    CAN1_RX1_IRQHandler                      0x08000343   Thumb Code     0  startup_stm32f407xx.o(.text)
    CAN1_SCE_IRQHandler                      0x08000343   Thumb Code     0  startup_stm32f407xx.o(.text)
    CAN1_TX_IRQHandler                       0x08000343   Thumb Code     0  startup_stm32f407xx.o(.text)
    CAN2_RX1_IRQHandler                      0x08000343   Thumb Code     0  startup_stm32f407xx.o(.text)
    CAN2_SCE_IRQHandler                      0x08000343   Thumb Code     0  startup_stm32f407xx.o(.text)
    CAN2_TX_IRQHandler                       0x08000343   Thumb Code     0  startup_stm32f407xx.o(.text)
    DCMI_IRQHandler                          0x08000343   Thumb Code     0  startup_stm32f407xx.o(.text)
    DMA1_Stream0_IRQHandler                  0x08000343   Thumb Code     0  startup_stm32f407xx.o(.text)
    DMA1_Stream2_IRQHandler                  0x08000343   Thumb Code     0  startup_stm32f407xx.o(.text)
    DMA1_Stream3_IRQHandler                  0x08000343   Thumb Code     0  startup_stm32f407xx.o(.text)
    DMA1_Stream4_IRQHandler                  0x08000343   Thumb Code     0  startup_stm32f407xx.o(.text)
    DMA1_Stream5_IRQHandler                  0x08000343   Thumb Code     0  startup_stm32f407xx.o(.text)
    DMA1_Stream6_IRQHandler                  0x08000343   Thumb Code     0  startup_stm32f407xx.o(.text)
    DMA1_Stream7_IRQHandler                  0x08000343   Thumb Code     0  startup_stm32f407xx.o(.text)
    DMA2_Stream0_IRQHandler                  0x08000343   Thumb Code     0  startup_stm32f407xx.o(.text)
    DMA2_Stream1_IRQHandler                  0x08000343   Thumb Code     0  startup_stm32f407xx.o(.text)
    DMA2_Stream2_IRQHandler                  0x08000343   Thumb Code     0  startup_stm32f407xx.o(.text)
    DMA2_Stream3_IRQHandler                  0x08000343   Thumb Code     0  startup_stm32f407xx.o(.text)
    DMA2_Stream4_IRQHandler                  0x08000343   Thumb Code     0  startup_stm32f407xx.o(.text)
    DMA2_Stream5_IRQHandler                  0x08000343   Thumb Code     0  startup_stm32f407xx.o(.text)
    DMA2_Stream6_IRQHandler                  0x08000343   Thumb Code     0  startup_stm32f407xx.o(.text)
    DMA2_Stream7_IRQHandler                  0x08000343   Thumb Code     0  startup_stm32f407xx.o(.text)
    ETH_IRQHandler                           0x08000343   Thumb Code     0  startup_stm32f407xx.o(.text)
    ETH_WKUP_IRQHandler                      0x08000343   Thumb Code     0  startup_stm32f407xx.o(.text)
    EXTI0_IRQHandler                         0x08000343   Thumb Code     0  startup_stm32f407xx.o(.text)
    EXTI15_10_IRQHandler                     0x08000343   Thumb Code     0  startup_stm32f407xx.o(.text)
    EXTI1_IRQHandler                         0x08000343   Thumb Code     0  startup_stm32f407xx.o(.text)
    EXTI2_IRQHandler                         0x08000343   Thumb Code     0  startup_stm32f407xx.o(.text)
    EXTI3_IRQHandler                         0x08000343   Thumb Code     0  startup_stm32f407xx.o(.text)
    FLASH_IRQHandler                         0x08000343   Thumb Code     0  startup_stm32f407xx.o(.text)
    FMC_IRQHandler                           0x08000343   Thumb Code     0  startup_stm32f407xx.o(.text)
    FPU_IRQHandler                           0x08000343   Thumb Code     0  startup_stm32f407xx.o(.text)
    HASH_RNG_IRQHandler                      0x08000343   Thumb Code     0  startup_stm32f407xx.o(.text)
    I2C1_ER_IRQHandler                       0x08000343   Thumb Code     0  startup_stm32f407xx.o(.text)
    I2C1_EV_IRQHandler                       0x08000343   Thumb Code     0  startup_stm32f407xx.o(.text)
    I2C2_ER_IRQHandler                       0x08000343   Thumb Code     0  startup_stm32f407xx.o(.text)
    I2C2_EV_IRQHandler                       0x08000343   Thumb Code     0  startup_stm32f407xx.o(.text)
    I2C3_ER_IRQHandler                       0x08000343   Thumb Code     0  startup_stm32f407xx.o(.text)
    I2C3_EV_IRQHandler                       0x08000343   Thumb Code     0  startup_stm32f407xx.o(.text)
    OTG_FS_IRQHandler                        0x08000343   Thumb Code     0  startup_stm32f407xx.o(.text)
    OTG_FS_WKUP_IRQHandler                   0x08000343   Thumb Code     0  startup_stm32f407xx.o(.text)
    OTG_HS_EP1_IN_IRQHandler                 0x08000343   Thumb Code     0  startup_stm32f407xx.o(.text)
    OTG_HS_EP1_OUT_IRQHandler                0x08000343   Thumb Code     0  startup_stm32f407xx.o(.text)
    OTG_HS_IRQHandler                        0x08000343   Thumb Code     0  startup_stm32f407xx.o(.text)
    OTG_HS_WKUP_IRQHandler                   0x08000343   Thumb Code     0  startup_stm32f407xx.o(.text)
    PVD_IRQHandler                           0x08000343   Thumb Code     0  startup_stm32f407xx.o(.text)
    RCC_IRQHandler                           0x08000343   Thumb Code     0  startup_stm32f407xx.o(.text)
    RTC_Alarm_IRQHandler                     0x08000343   Thumb Code     0  startup_stm32f407xx.o(.text)
    RTC_WKUP_IRQHandler                      0x08000343   Thumb Code     0  startup_stm32f407xx.o(.text)
    SDIO_IRQHandler                          0x08000343   Thumb Code     0  startup_stm32f407xx.o(.text)
    SPI1_IRQHandler                          0x08000343   Thumb Code     0  startup_stm32f407xx.o(.text)
    SPI2_IRQHandler                          0x08000343   Thumb Code     0  startup_stm32f407xx.o(.text)
    SPI3_IRQHandler                          0x08000343   Thumb Code     0  startup_stm32f407xx.o(.text)
    TAMP_STAMP_IRQHandler                    0x08000343   Thumb Code     0  startup_stm32f407xx.o(.text)
    TIM1_BRK_TIM9_IRQHandler                 0x08000343   Thumb Code     0  startup_stm32f407xx.o(.text)
    TIM1_CC_IRQHandler                       0x08000343   Thumb Code     0  startup_stm32f407xx.o(.text)
    TIM1_TRG_COM_TIM11_IRQHandler            0x08000343   Thumb Code     0  startup_stm32f407xx.o(.text)
    TIM1_UP_TIM10_IRQHandler                 0x08000343   Thumb Code     0  startup_stm32f407xx.o(.text)
    TIM3_IRQHandler                          0x08000343   Thumb Code     0  startup_stm32f407xx.o(.text)
    TIM4_IRQHandler                          0x08000343   Thumb Code     0  startup_stm32f407xx.o(.text)
    TIM5_IRQHandler                          0x08000343   Thumb Code     0  startup_stm32f407xx.o(.text)
    TIM6_DAC_IRQHandler                      0x08000343   Thumb Code     0  startup_stm32f407xx.o(.text)
    TIM7_IRQHandler                          0x08000343   Thumb Code     0  startup_stm32f407xx.o(.text)
    TIM8_BRK_TIM12_IRQHandler                0x08000343   Thumb Code     0  startup_stm32f407xx.o(.text)
    TIM8_CC_IRQHandler                       0x08000343   Thumb Code     0  startup_stm32f407xx.o(.text)
    TIM8_TRG_COM_TIM14_IRQHandler            0x08000343   Thumb Code     0  startup_stm32f407xx.o(.text)
    TIM8_UP_TIM13_IRQHandler                 0x08000343   Thumb Code     0  startup_stm32f407xx.o(.text)
    UART4_IRQHandler                         0x08000343   Thumb Code     0  startup_stm32f407xx.o(.text)
    UART5_IRQHandler                         0x08000343   Thumb Code     0  startup_stm32f407xx.o(.text)
    USART1_IRQHandler                        0x08000343   Thumb Code     0  startup_stm32f407xx.o(.text)
    USART2_IRQHandler                        0x08000343   Thumb Code     0  startup_stm32f407xx.o(.text)
    USART6_IRQHandler                        0x08000343   Thumb Code     0  startup_stm32f407xx.o(.text)
    WWDG_IRQHandler                          0x08000343   Thumb Code     0  startup_stm32f407xx.o(.text)
    __user_initial_stackheap                 0x08000345   Thumb Code     0  startup_stm32f407xx.o(.text)
    __aeabi_uldivmod                         0x08000369   Thumb Code     0  lludivv7m.o(.text)
    _ll_udiv                                 0x08000369   Thumb Code   238  lludivv7m.o(.text)
    __aeabi_memcpy4                          0x08000457   Thumb Code     0  rt_memcpy_w.o(.text)
    __aeabi_memcpy8                          0x08000457   Thumb Code     0  rt_memcpy_w.o(.text)
    __rt_memcpy_w                            0x08000457   Thumb Code   100  rt_memcpy_w.o(.text)
    _memcpy_lastbytes_aligned                0x0800049f   Thumb Code     0  rt_memcpy_w.o(.text)
    __aeabi_memset                           0x080004bb   Thumb Code    16  aeabi_memset.o(.text)
    __aeabi_memclr4                          0x080004cb   Thumb Code     0  rt_memclr_w.o(.text)
    __aeabi_memclr8                          0x080004cb   Thumb Code     0  rt_memclr_w.o(.text)
    __rt_memclr_w                            0x080004cb   Thumb Code    78  rt_memclr_w.o(.text)
    _memset_w                                0x080004cf   Thumb Code     0  rt_memclr_w.o(.text)
    __use_two_region_memory                  0x08000519   Thumb Code     2  heapauxi.o(.text)
    __rt_heap_escrow$2region                 0x0800051b   Thumb Code     2  heapauxi.o(.text)
    __rt_heap_expand$2region                 0x0800051d   Thumb Code     2  heapauxi.o(.text)
    __read_errno                             0x0800051f   Thumb Code    10  _rserrno.o(.text)
    __set_errno                              0x08000529   Thumb Code    12  _rserrno.o(.text)
    __aeabi_memclr                           0x08000535   Thumb Code     0  rt_memclr.o(.text)
    __rt_memclr                              0x08000535   Thumb Code    68  rt_memclr.o(.text)
    _memset                                  0x08000539   Thumb Code     0  rt_memclr.o(.text)
    __aeabi_errno_addr                       0x08000579   Thumb Code     8  rt_errno_addr_intlibspace.o(.text)
    __errno$intlibspace                      0x08000579   Thumb Code     0  rt_errno_addr_intlibspace.o(.text)
    __rt_errno_addr$intlibspace              0x08000579   Thumb Code     0  rt_errno_addr_intlibspace.o(.text)
    __user_libspace                          0x08000581   Thumb Code     8  libspace.o(.text)
    __user_perproc_libspace                  0x08000581   Thumb Code     0  libspace.o(.text)
    __user_perthread_libspace                0x08000581   Thumb Code     0  libspace.o(.text)
    __user_setup_stackheap                   0x08000589   Thumb Code    74  sys_stackheap_outer.o(.text)
    exit                                     0x080005d3   Thumb Code    18  exit.o(.text)
    _sys_exit                                0x080005e5   Thumb Code     8  sys_exit.o(.text)
    __I$use$semihosting                      0x080005f1   Thumb Code     0  use_no_semi.o(.text)
    __use_no_semihosting_swi                 0x080005f1   Thumb Code     2  use_no_semi.o(.text)
    __semihosting_library_function           0x080005f3   Thumb Code     0  indicate_semi.o(.text)
    arm_cos_f32                              0x080005f3   Thumb Code   168  arm_cos_f32.o(.text.arm_cos_f32)
    arm_sin_f32                              0x0800069b   Thumb Code   160  arm_sin_f32.o(.text.arm_sin_f32)
    AHRS_asinf                               0x0800073b   Thumb Code    24  ahrs_middleware.o(i.AHRS_asinf)
    AHRS_atan2f                              0x08000753   Thumb Code    32  ahrs_middleware.o(i.AHRS_atan2f)
    AHRS_cosf                                0x08000773   Thumb Code    24  ahrs_middleware.o(i.AHRS_cosf)
    AHRS_get_height                          0x080007a5   Thumb Code    12  ahrs_middleware.o(i.AHRS_get_height)
    AHRS_get_latitude                        0x080007b5   Thumb Code    12  ahrs_middleware.o(i.AHRS_get_latitude)
    AHRS_init                                0x080007c1   Thumb Code   626  ahrs.o(i.AHRS_init)
    AHRS_invSqrt                             0x08000a5d   Thumb Code    36  ahrs_middleware.o(i.AHRS_invSqrt)
    AHRS_sinf                                0x08000a81   Thumb Code    24  ahrs_middleware.o(i.AHRS_sinf)
    AHRS_update                              0x08000a99   Thumb Code   314  ahrs.o(i.AHRS_update)
    BMI088_ACCEL_NS_H                        0x08000bd5   Thumb Code    14  bsp_bmi088.o(i.BMI088_ACCEL_NS_H)
    BMI088_ACCEL_NS_L                        0x08000be9   Thumb Code    14  bsp_bmi088.o(i.BMI088_ACCEL_NS_L)
    BMI088_GYRO_NS_H                         0x08000bfd   Thumb Code    14  bsp_bmi088.o(i.BMI088_GYRO_NS_H)
    BMI088_GYRO_NS_L                         0x08000c11   Thumb Code    14  bsp_bmi088.o(i.BMI088_GYRO_NS_L)
    BMI088_Read_Write_Byte                   0x08000c39   Thumb Code    32  bsp_bmi088.o(i.BMI088_Read_Write_Byte)
    BMI088_init                              0x08000c5d   Thumb Code    54  bmi088_driver.o(i.BMI088_init)
    BMI088_read                              0x08000c95   Thumb Code   492  bmi088_driver.o(i.BMI088_read)
    BSP_Init                                 0x08000edf   Thumb Code    32  bsp.o(i.BSP_Init)
    BusFault_Handler                         0x08000eff   Thumb Code     4  stm32f4xx_it.o(i.BusFault_Handler)
    CAN1_RX0_IRQHandler                      0x08000f05   Thumb Code    10  stm32f4xx_it.o(i.CAN1_RX0_IRQHandler)
    CAN2_RX0_IRQHandler                      0x08000f15   Thumb Code    10  stm32f4xx_it.o(i.CAN2_RX0_IRQHandler)
    DMA1_Stream1_IRQHandler                  0x08001075   Thumb Code    10  stm32f4xx_it.o(i.DMA1_Stream1_IRQHandler)
    DebugMon_Handler                         0x08001163   Thumb Code     2  stm32f4xx_it.o(i.DebugMon_Handler)
    EXTI4_IRQHandler                         0x08001165   Thumb Code    10  stm32f4xx_it.o(i.EXTI4_IRQHandler)
    EXTI9_5_IRQHandler                       0x0800116f   Thumb Code    10  stm32f4xx_it.o(i.EXTI9_5_IRQHandler)
    Error_Handler                            0x08001179   Thumb Code     6  main.o(i.Error_Handler)
    HAL_CAN_ActivateNotification             0x0800117f   Thumb Code    42  stm32f4xx_hal_can.o(i.HAL_CAN_ActivateNotification)
    HAL_CAN_AddTxMessage                     0x080011a9   Thumb Code   342  stm32f4xx_hal_can.o(i.HAL_CAN_AddTxMessage)
    HAL_CAN_ConfigFilter                     0x08001301   Thumb Code   286  stm32f4xx_hal_can.o(i.HAL_CAN_ConfigFilter)
    HAL_CAN_ErrorCallback                    0x08001425   Thumb Code     2  stm32f4xx_hal_can.o(i.HAL_CAN_ErrorCallback)
    HAL_CAN_GetRxMessage                     0x08001427   Thumb Code   378  stm32f4xx_hal_can.o(i.HAL_CAN_GetRxMessage)
    HAL_CAN_IRQHandler                       0x080015a1   Thumb Code   590  stm32f4xx_hal_can.o(i.HAL_CAN_IRQHandler)
    HAL_CAN_Init                             0x080017ef   Thumb Code   372  stm32f4xx_hal_can.o(i.HAL_CAN_Init)
    HAL_CAN_MspInit                          0x08001965   Thumb Code   328  can.o(i.HAL_CAN_MspInit)
    HAL_CAN_RxFifo0FullCallback              0x08001ac5   Thumb Code     2  stm32f4xx_hal_can.o(i.HAL_CAN_RxFifo0FullCallback)
    HAL_CAN_RxFifo0MsgPendingCallback        0x08001ac9   Thumb Code    40  bsp_can.o(i.HAL_CAN_RxFifo0MsgPendingCallback)
    HAL_CAN_RxFifo1FullCallback              0x08001af5   Thumb Code     2  stm32f4xx_hal_can.o(i.HAL_CAN_RxFifo1FullCallback)
    HAL_CAN_RxFifo1MsgPendingCallback        0x08001af7   Thumb Code     2  stm32f4xx_hal_can.o(i.HAL_CAN_RxFifo1MsgPendingCallback)
    HAL_CAN_SleepCallback                    0x08001af9   Thumb Code     2  stm32f4xx_hal_can.o(i.HAL_CAN_SleepCallback)
    HAL_CAN_Start                            0x08001afb   Thumb Code    94  stm32f4xx_hal_can.o(i.HAL_CAN_Start)
    HAL_CAN_TxMailbox0AbortCallback          0x08001b59   Thumb Code     2  stm32f4xx_hal_can.o(i.HAL_CAN_TxMailbox0AbortCallback)
    HAL_CAN_TxMailbox0CompleteCallback       0x08001b5b   Thumb Code     2  stm32f4xx_hal_can.o(i.HAL_CAN_TxMailbox0CompleteCallback)
    HAL_CAN_TxMailbox1AbortCallback          0x08001b5d   Thumb Code     2  stm32f4xx_hal_can.o(i.HAL_CAN_TxMailbox1AbortCallback)
    HAL_CAN_TxMailbox1CompleteCallback       0x08001b5f   Thumb Code     2  stm32f4xx_hal_can.o(i.HAL_CAN_TxMailbox1CompleteCallback)
    HAL_CAN_TxMailbox2AbortCallback          0x08001b61   Thumb Code     2  stm32f4xx_hal_can.o(i.HAL_CAN_TxMailbox2AbortCallback)
    HAL_CAN_TxMailbox2CompleteCallback       0x08001b63   Thumb Code     2  stm32f4xx_hal_can.o(i.HAL_CAN_TxMailbox2CompleteCallback)
    HAL_CAN_WakeUpFromRxMsgCallback          0x08001b65   Thumb Code     2  stm32f4xx_hal_can.o(i.HAL_CAN_WakeUpFromRxMsgCallback)
    HAL_DMA_Abort                            0x08001b67   Thumb Code   172  stm32f4xx_hal_dma.o(i.HAL_DMA_Abort)
    HAL_DMA_Abort_IT                         0x08001c13   Thumb Code    40  stm32f4xx_hal_dma.o(i.HAL_DMA_Abort_IT)
    HAL_DMA_IRQHandler                       0x08001c3d   Thumb Code   570  stm32f4xx_hal_dma.o(i.HAL_DMA_IRQHandler)
    HAL_DMA_Init                             0x08001e7d   Thumb Code   232  stm32f4xx_hal_dma.o(i.HAL_DMA_Init)
    HAL_Delay                                0x08001f69   Thumb Code    36  stm32f4xx_hal.o(i.HAL_Delay)
    HAL_GPIO_EXTI_Callback                   0x08001f91   Thumb Code     2  stm32f4xx_hal_gpio.o(i.HAL_GPIO_EXTI_Callback)
    HAL_GPIO_EXTI_IRQHandler                 0x08001f95   Thumb Code    24  stm32f4xx_hal_gpio.o(i.HAL_GPIO_EXTI_IRQHandler)
    HAL_GPIO_Init                            0x08001fb1   Thumb Code   454  stm32f4xx_hal_gpio.o(i.HAL_GPIO_Init)
    HAL_GPIO_TogglePin                       0x080021a5   Thumb Code    20  stm32f4xx_hal_gpio.o(i.HAL_GPIO_TogglePin)
    HAL_GPIO_WritePin                        0x080021b9   Thumb Code    12  stm32f4xx_hal_gpio.o(i.HAL_GPIO_WritePin)
    HAL_GetTick                              0x080021c5   Thumb Code     6  stm32f4xx_hal.o(i.HAL_GetTick)
    HAL_IncTick                              0x080021d1   Thumb Code    16  stm32f4xx_hal.o(i.HAL_IncTick)
    HAL_Init                                 0x080021e9   Thumb Code    54  stm32f4xx_hal.o(i.HAL_Init)
    HAL_InitTick                             0x08002225   Thumb Code   162  stm32f4xx_hal_timebase_tim.o(i.HAL_InitTick)
    HAL_MspInit                              0x080022d9   Thumb Code    78  stm32f4xx_hal_msp.o(i.HAL_MspInit)
    HAL_NVIC_EnableIRQ                       0x0800232d   Thumb Code    32  stm32f4xx_hal_cortex.o(i.HAL_NVIC_EnableIRQ)
    HAL_NVIC_SetPriority                     0x0800234d   Thumb Code   124  stm32f4xx_hal_cortex.o(i.HAL_NVIC_SetPriority)
    HAL_NVIC_SetPriorityGrouping             0x080023c9   Thumb Code    32  stm32f4xx_hal_cortex.o(i.HAL_NVIC_SetPriorityGrouping)
    HAL_RCC_ClockConfig                      0x080023f1   Thumb Code   368  stm32f4xx_hal_rcc.o(i.HAL_RCC_ClockConfig)
    HAL_RCC_GetClockConfig                   0x08002575   Thumb Code    58  stm32f4xx_hal_rcc.o(i.HAL_RCC_GetClockConfig)
    HAL_RCC_GetHCLKFreq                      0x080025b9   Thumb Code     6  stm32f4xx_hal_rcc.o(i.HAL_RCC_GetHCLKFreq)
    HAL_RCC_GetPCLK1Freq                     0x080025c5   Thumb Code    22  stm32f4xx_hal_rcc.o(i.HAL_RCC_GetPCLK1Freq)
    HAL_RCC_GetPCLK2Freq                     0x080025e5   Thumb Code    22  stm32f4xx_hal_rcc.o(i.HAL_RCC_GetPCLK2Freq)
    HAL_RCC_GetSysClockFreq                  0x08002605   Thumb Code   162  stm32f4xx_hal_rcc.o(i.HAL_RCC_GetSysClockFreq)
    HAL_RCC_OscConfig                        0x080026b5   Thumb Code  1172  stm32f4xx_hal_rcc.o(i.HAL_RCC_OscConfig)
    HAL_SPI_Init                             0x08002b51   Thumb Code   200  stm32f4xx_hal_spi.o(i.HAL_SPI_Init)
    HAL_SPI_MspInit                          0x08002c19   Thumb Code   180  spi.o(i.HAL_SPI_MspInit)
    HAL_SPI_TransmitReceive                  0x08002cdd   Thumb Code   554  stm32f4xx_hal_spi.o(i.HAL_SPI_TransmitReceive)
    HAL_TIMEx_BreakCallback                  0x08002f07   Thumb Code     2  stm32f4xx_hal_tim_ex.o(i.HAL_TIMEx_BreakCallback)
    HAL_TIMEx_CommutCallback                 0x08002f09   Thumb Code     2  stm32f4xx_hal_tim_ex.o(i.HAL_TIMEx_CommutCallback)
    HAL_TIMEx_ConfigBreakDeadTime            0x08002f0b   Thumb Code   116  stm32f4xx_hal_tim_ex.o(i.HAL_TIMEx_ConfigBreakDeadTime)
    HAL_TIMEx_MasterConfigSynchronization    0x08002f81   Thumb Code   150  stm32f4xx_hal_tim_ex.o(i.HAL_TIMEx_MasterConfigSynchronization)
    HAL_TIM_Base_Init                        0x08003035   Thumb Code   102  stm32f4xx_hal_tim.o(i.HAL_TIM_Base_Init)
    HAL_TIM_Base_MspInit                     0x0800309d   Thumb Code    44  tim.o(i.HAL_TIM_Base_MspInit)
    HAL_TIM_Base_Start_IT                    0x080030d1   Thumb Code   138  stm32f4xx_hal_tim.o(i.HAL_TIM_Base_Start_IT)
    HAL_TIM_IC_CaptureCallback               0x08003179   Thumb Code     2  stm32f4xx_hal_tim.o(i.HAL_TIM_IC_CaptureCallback)
    HAL_TIM_IRQHandler                       0x0800317b   Thumb Code   406  stm32f4xx_hal_tim.o(i.HAL_TIM_IRQHandler)
    HAL_TIM_MspPostInit                      0x08003311   Thumb Code   152  tim.o(i.HAL_TIM_MspPostInit)
    HAL_TIM_OC_DelayElapsedCallback          0x080033bd   Thumb Code     2  stm32f4xx_hal_tim.o(i.HAL_TIM_OC_DelayElapsedCallback)
    HAL_TIM_PWM_ConfigChannel                0x080033bf   Thumb Code   260  stm32f4xx_hal_tim.o(i.HAL_TIM_PWM_ConfigChannel)
    HAL_TIM_PWM_Init                         0x080034c3   Thumb Code   102  stm32f4xx_hal_tim.o(i.HAL_TIM_PWM_Init)
    HAL_TIM_PWM_MspInit                      0x08003529   Thumb Code    44  tim.o(i.HAL_TIM_PWM_MspInit)
    HAL_TIM_PWM_PulseFinishedCallback        0x0800355d   Thumb Code     2  stm32f4xx_hal_tim.o(i.HAL_TIM_PWM_PulseFinishedCallback)
    HAL_TIM_PWM_Start                        0x08003561   Thumb Code   238  stm32f4xx_hal_tim.o(i.HAL_TIM_PWM_Start)
    HAL_TIM_PeriodElapsedCallback            0x0800366d   Thumb Code    18  main.o(i.HAL_TIM_PeriodElapsedCallback)
    HAL_TIM_TriggerCallback                  0x0800367f   Thumb Code     2  stm32f4xx_hal_tim.o(i.HAL_TIM_TriggerCallback)
    HAL_UARTEx_RxEventCallback               0x08003681   Thumb Code     2  stm32f4xx_hal_uart.o(i.HAL_UARTEx_RxEventCallback)
    HAL_UART_ErrorCallback                   0x08003683   Thumb Code     2  stm32f4xx_hal_uart.o(i.HAL_UART_ErrorCallback)
    HAL_UART_IRQHandler                      0x08003685   Thumb Code   732  stm32f4xx_hal_uart.o(i.HAL_UART_IRQHandler)
    HAL_UART_Init                            0x08003965   Thumb Code   114  stm32f4xx_hal_uart.o(i.HAL_UART_Init)
    HAL_UART_MspInit                         0x080039d9   Thumb Code   206  usart.o(i.HAL_UART_MspInit)
    HAL_UART_RxCpltCallback                  0x08003abd   Thumb Code     2  stm32f4xx_hal_uart.o(i.HAL_UART_RxCpltCallback)
    HAL_UART_TxCpltCallback                  0x08003abf   Thumb Code     2  stm32f4xx_hal_uart.o(i.HAL_UART_TxCpltCallback)
    HardFault_Handler                        0x08003ac1   Thumb Code     4  stm32f4xx_it.o(i.HardFault_Handler)
    Heat_Power_Ctl                           0x08003ac5   Thumb Code     8  bsp_tim.o(i.Heat_Power_Ctl)
    INS_Task                                 0x08003eb9   Thumb Code   522  ins_task.o(i.INS_Task)
    MX_CAN1_Init                             0x080040f9   Thumb Code    62  can.o(i.MX_CAN1_Init)
    MX_CAN2_Init                             0x08004141   Thumb Code    62  can.o(i.MX_CAN2_Init)
    MX_DMA_Init                              0x08004189   Thumb Code    52  dma.o(i.MX_DMA_Init)
    MX_FREERTOS_Init                         0x080041c1   Thumb Code   126  freertos.o(i.MX_FREERTOS_Init)
    MX_GPIO_Init                             0x08004259   Thumb Code   342  gpio.o(i.MX_GPIO_Init)
    MX_SPI1_Init                             0x080043c1   Thumb Code    60  spi.o(i.MX_SPI1_Init)
    MX_TIM10_Init                            0x08004405   Thumb Code   100  tim.o(i.MX_TIM10_Init)
    MX_TIM1_Init                             0x08004471   Thumb Code   172  tim.o(i.MX_TIM1_Init)
    MX_USART3_UART_Init                      0x08004525   Thumb Code    44  usart.o(i.MX_USART3_UART_Init)
    MemManage_Handler                        0x0800455d   Thumb Code     4  stm32f4xx_it.o(i.MemManage_Handler)
    NMI_Handler                              0x08004561   Thumb Code     4  stm32f4xx_it.o(i.NMI_Handler)
    PID_Delta_init                           0x08004565   Thumb Code    18  pid.o(i.PID_Delta_init)
    PID_Init                                 0x08004579   Thumb Code    24  pid.o(i.PID_Init)
    SysTick_Handler                          0x08004791   Thumb Code    46  port.o(i.SysTick_Handler)
    SystemClock_Config                       0x080047c5   Thumb Code   170  main.o(i.SystemClock_Config)
    SystemInit                               0x08004879   Thumb Code    14  system_stm32f4xx.o(i.SystemInit)
    TIM2_IRQHandler                          0x0800488d   Thumb Code    10  stm32f4xx_it.o(i.TIM2_IRQHandler)
    TIM_Base_SetConfig                       0x0800489d   Thumb Code   170  stm32f4xx_hal_tim.o(i.TIM_Base_SetConfig)
    TIM_CCxChannelCmd                        0x08004975   Thumb Code    34  stm32f4xx_hal_tim.o(i.TIM_CCxChannelCmd)
    TIM_OC2_SetConfig                        0x08004a09   Thumb Code   114  stm32f4xx_hal_tim.o(i.TIM_OC2_SetConfig)
    USART3_IRQHandler                        0x08004f75   Thumb Code    16  stm32f4xx_it.o(i.USART3_IRQHandler)
    USAR_UART3_IDLECallback                  0x08004f89   Thumb Code   192  bsp_rc.o(i.USAR_UART3_IDLECallback)
    USER_UART_IRQHandler                     0x08005051   Thumb Code    66  bsp_usart.o(i.USER_UART_IRQHandler)
    UsageFault_Handler                       0x0800509d   Thumb Code     4  stm32f4xx_it.o(i.UsageFault_Handler)
    __ARM_fpclassifyf                        0x080050a1   Thumb Code    38  fpclassifyf.o(i.__ARM_fpclassifyf)
    __hardfp_asinf                           0x08005101   Thumb Code   258  asinf.o(i.__hardfp_asinf)
    __hardfp_atan2f                          0x0800522d   Thumb Code   594  atan2f.o(i.__hardfp_atan2f)
    __hardfp_sqrtf                           0x080054d9   Thumb Code    58  sqrtf.o(i.__hardfp_sqrtf)
    __mathlib_flt_infnan                     0x08005513   Thumb Code     6  funder.o(i.__mathlib_flt_infnan)
    __mathlib_flt_infnan2                    0x08005519   Thumb Code     6  funder.o(i.__mathlib_flt_infnan2)
    __mathlib_flt_invalid                    0x08005521   Thumb Code    10  funder.o(i.__mathlib_flt_invalid)
    __mathlib_flt_underflow                  0x08005531   Thumb Code    10  funder.o(i.__mathlib_flt_underflow)
    bmi088_accel_init                        0x08005a09   Thumb Code   298  bmi088_driver.o(i.bmi088_accel_init)
    bmi088_accel_self_test                   0x08005b39   Thumb Code   776  bmi088_driver.o(i.bmi088_accel_self_test)
    bmi088_gyro_init                         0x08005e45   Thumb Code   246  bmi088_driver.o(i.bmi088_gyro_init)
    bmi088_gyro_self_test                    0x08005f41   Thumb Code   208  bmi088_driver.o(i.bmi088_gyro_self_test)
    bsp_tim_init                             0x08006011   Thumb Code    12  bsp_tim.o(i.bsp_tim_init)
    can_init                                 0x08006021   Thumb Code   106  bsp_can.o(i.can_init)
    coverTask                                0x08006095   Thumb Code   108  covertask.o(i.coverTask)
    delay_ms                                 0x08006115   Thumb Code    24  haltick.o(i.delay_ms)
    delay_us                                 0x0800612d   Thumb Code    24  haltick.o(i.delay_us)
    f_PID_Calculate                          0x08006221   Thumb Code   360  pid.o(i.f_PID_Calculate)
    f_PID_Delta_Calc                         0x0800638d   Thumb Code   204  pid.o(i.f_PID_Delta_Calc)
    f_get_bmi088_message                     0x08006475   Thumb Code    90  message.o(i.f_get_bmi088_message)
    fireTask                                 0x080064d5   Thumb Code   424  firetask.o(i.fireTask)
    fire_ctrl                                0x08006689   Thumb Code   344  firetask.o(i.fire_ctrl)
    get_DJI_Motor_Info                       0x08006809   Thumb Code   264  motor.o(i.get_DJI_Motor_Info)
    get_angle                                0x08006921   Thumb Code   232  ahrs.o(i.get_angle)
    gimbalTask                               0x08006a09   Thumb Code   542  gimbaltask.o(i.gimbalTask)
    main                                     0x08006e09   Thumb Code    56  main.o(i.main)
    osDelayUntil                             0x08006e73   Thumb Code    28  cmsis_os.o(i.osDelayUntil)
    osKernelStart                            0x08006e8f   Thumb Code    10  cmsis_os.o(i.osKernelStart)
    osKernelSysTick                          0x08006e99   Thumb Code    20  cmsis_os.o(i.osKernelSysTick)
    osThreadCreate                           0x08006ead   Thumb Code    94  cmsis_os.o(i.osThreadCreate)
    posture_ctrl                             0x08006f0d   Thumb Code   626  gimbaltask.o(i.posture_ctrl)
    pvPortMalloc                             0x08007649   Thumb Code   306  heap_4.o(i.pvPortMalloc)
    pxPortInitialiseStack                    0x08007795   Thumb Code    38  port.o(i.pxPortInitialiseStack)
    ramp_fuction                             0x08007845   Thumb Code   178  gimbaltask.o(i.ramp_fuction)
    remote_control_init                      0x080079b5   Thumb Code    16  bsp_rc.o(i.remote_control_init)
    sqrtf                                    0x08007a9d   Thumb Code    62  sqrtf.o(i.sqrtf)
    stateTask                                0x08007add   Thumb Code  1498  statetask.o(i.stateTask)
    uxListRemove                             0x0800814b   Thumb Code    40  list.o(i.uxListRemove)
    vApplicationGetIdleTaskMemory            0x08008175   Thumb Code    14  freertos.o(i.vApplicationGetIdleTaskMemory)
    vListInitialise                          0x0800818d   Thumb Code    26  list.o(i.vListInitialise)
    vListInitialiseItem                      0x080081a7   Thumb Code     6  list.o(i.vListInitialiseItem)
    vListInsert                              0x080081ad   Thumb Code    52  list.o(i.vListInsert)
    vListInsertEnd                           0x080081e1   Thumb Code    24  list.o(i.vListInsertEnd)
    vPortEnterCritical                       0x080081f9   Thumb Code    76  port.o(i.vPortEnterCritical)
    vPortExitCritical                        0x0800824d   Thumb Code    56  port.o(i.vPortExitCritical)
    vPortFree                                0x08008289   Thumb Code   150  heap_4.o(i.vPortFree)
    vPortSetupTimerInterrupt                 0x0800832d   Thumb Code    36  port.o(i.vPortSetupTimerInterrupt)
    vPortValidateInterruptPriority           0x08008355   Thumb Code   106  port.o(i.vPortValidateInterruptPriority)
    vTaskDelay                               0x080083cd   Thumb Code    82  tasks.o(i.vTaskDelay)
    vTaskDelayUntil                          0x08008429   Thumb Code   200  tasks.o(i.vTaskDelayUntil)
    vTaskStartScheduler                      0x080084fd   Thumb Code   146  tasks.o(i.vTaskStartScheduler)
    vTaskSuspendAll                          0x080085ad   Thumb Code    12  tasks.o(i.vTaskSuspendAll)
    vTaskSwitchContext                       0x080085bd   Thumb Code   118  tasks.o(i.vTaskSwitchContext)
    xPortStartScheduler                      0x08008649   Thumb Code   330  port.o(i.xPortStartScheduler)
    xTaskCreate                              0x080087b1   Thumb Code   100  tasks.o(i.xTaskCreate)
    xTaskCreateStatic                        0x08008815   Thumb Code   186  tasks.o(i.xTaskCreateStatic)
    xTaskGetTickCount                        0x080088d1   Thumb Code     6  tasks.o(i.xTaskGetTickCount)
    xTaskGetTickCountFromISR                 0x080088dd   Thumb Code    16  tasks.o(i.xTaskGetTickCountFromISR)
    xTaskIncrementTick                       0x080088f1   Thumb Code   282  tasks.o(i.xTaskIncrementTick)
    xTaskResumeAll                           0x08008a39   Thumb Code   224  tasks.o(i.xTaskResumeAll)
    __aeabi_fadd                             0x08008b3d   Thumb Code     0  faddsub_clz.o(x$fpl$fadd)
    _fadd                                    0x08008b3d   Thumb Code    18  faddsub_clz.o(x$fpl$fadd)
    __aeabi_fcmpeq                           0x08008b4f   Thumb Code     0  fcmp.o(x$fpl$fcmp)
    _feq                                     0x08008b4f   Thumb Code    14  fcmp.o(x$fpl$fcmp)
    _fneq                                    0x08008b5d   Thumb Code    14  fcmp.o(x$fpl$fcmp)
    __aeabi_fcmpgt                           0x08008b6b   Thumb Code     0  fcmp.o(x$fpl$fcmp)
    _fgr                                     0x08008b6b   Thumb Code    14  fcmp.o(x$fpl$fcmp)
    __aeabi_fcmpge                           0x08008b79   Thumb Code     0  fcmp.o(x$fpl$fcmp)
    _fgeq                                    0x08008b79   Thumb Code    14  fcmp.o(x$fpl$fcmp)
    __aeabi_fcmple                           0x08008b87   Thumb Code     0  fcmp.o(x$fpl$fcmp)
    _fleq                                    0x08008b87   Thumb Code    14  fcmp.o(x$fpl$fcmp)
    __aeabi_fcmplt                           0x08008b95   Thumb Code     0  fcmp.o(x$fpl$fcmp)
    _fls                                     0x08008b95   Thumb Code    14  fcmp.o(x$fpl$fcmp)
    __fpl_fcmp_Inf                           0x08008ba3   Thumb Code    24  fcmpi.o(x$fpl$fcmpinf)
    __aeabi_cfcmpeq                          0x08008bbd   Thumb Code     0  feqf.o(x$fpl$feqf)
    _fcmpeq                                  0x08008bbd   Thumb Code    48  feqf.o(x$fpl$feqf)
    __aeabi_f2iz                             0x08008bed   Thumb Code     0  ffix.o(x$fpl$ffix)
    _ffix                                    0x08008bed   Thumb Code    14  ffix.o(x$fpl$ffix)
    __aeabi_f2uiz                            0x08008bfb   Thumb Code     0  ffixu.o(x$fpl$ffixu)
    _ffixu                                   0x08008bfb   Thumb Code    14  ffixu.o(x$fpl$ffixu)
    __aeabi_i2f                              0x08008c09   Thumb Code     0  fflt_clz.o(x$fpl$fflt)
    _fflt                                    0x08008c09   Thumb Code    14  fflt_clz.o(x$fpl$fflt)
    __aeabi_ui2f                             0x08008c17   Thumb Code     0  fflt_clz.o(x$fpl$ffltu)
    _ffltu                                   0x08008c17   Thumb Code    14  fflt_clz.o(x$fpl$ffltu)
    _fcmpge                                  0x08008c25   Thumb Code    48  fgeqf.o(x$fpl$fgeqf)
    __aeabi_cfcmple                          0x08008c55   Thumb Code     0  fleqf.o(x$fpl$fleqf)
    _fcmple                                  0x08008c55   Thumb Code    48  fleqf.o(x$fpl$fleqf)
    __fpl_fcmple_InfNaN                      0x08008c6d   Thumb Code     0  fleqf.o(x$fpl$fleqf)
    __aeabi_fmul                             0x08008c85   Thumb Code     0  fmul.o(x$fpl$fmul)
    _fmul                                    0x08008c85   Thumb Code    18  fmul.o(x$fpl$fmul)
    __fpl_fnaninf                            0x08008c97   Thumb Code   140  fnaninf.o(x$fpl$fnaninf)
    _fp_init                                 0x08008d23   Thumb Code    10  fpinit.o(x$fpl$fpinit)
    __fplib_config_fpu_vfp                   0x08008d2b   Thumb Code     0  fpinit.o(x$fpl$fpinit)
    __fplib_config_pureend_doubles           0x08008d2b   Thumb Code     0  fpinit.o(x$fpl$fpinit)
    __aeabi_fsub                             0x08008d2d   Thumb Code     0  faddsub_clz.o(x$fpl$fsub)
    _fsub                                    0x08008d2d   Thumb Code    18  faddsub_clz.o(x$fpl$fsub)
    __I$use$fp                               0x08008d3e   Number         0  usenofp.o(x$fpl$usenofp)
    AHBPrescTable                            0x08008e64   Data          16  system_stm32f4xx.o(.constdata)
    APBPrescTable                            0x08008e74   Data           8  system_stm32f4xx.o(.constdata)
    sinTable_f32                             0x08008ed0   Data        2052  arm_common_tables.o(.rodata.sinTable_f32)
    Region$$Table$$Base                      0x080096d4   Number         0  anon$$obj.o(Region$$Table)
    Region$$Table$$Limit                     0x080096f4   Number         0  anon$$obj.o(Region$$Table)
    coverSwitch                              0x20000000   Data           1  covertask.o(.data)
    gun                                      0x20000004   Data          28  firetask.o(.data)
    gimbal                                   0x20000028   Data          36  gimbaltask.o(.data)
    visiontast                               0x2000004c   Data           1  gimbaltask.o(.data)
    lastAngle                                0x20000050   Data           4  gimbaltask.o(.data)
    curAngle                                 0x20000054   Data           4  gimbaltask.o(.data)
    angleSum                                 0x20000058   Data           8  gimbaltask.o(.data)
    bmi088_data                              0x20000060   Data           4  ins_task.o(.data)
    ist8310_data                             0x20000064   Data           4  ins_task.o(.data)
    gyro_scale_factor                        0x20000068   Data          36  ins_task.o(.data)
    accel_scale_factor                       0x2000008c   Data          36  ins_task.o(.data)
    debug_mode                               0x20000218   Data           1  statetask.o(.data)
    CAN_L                                    0x20000224   Data          32  bsp_can.o(.data)
    CAN_H                                    0x20000244   Data          32  bsp_can.o(.data)
    pTxMailbox1                              0x20000264   Data           4  bsp_can.o(.data)
    pTxMailbox2                              0x20000268   Data           4  bsp_can.o(.data)
    mcu_CAN                                  0x2000026c   Data          32  bsp_can.o(.data)
    CAN_TxMsg                                0x2000028c   Data         288  bsp_can.o(.data)
    DJI_Motor                                0x200003ac   Data         560  motor.o(.data)
    StartINSTaskHandle                       0x20000608   Data           4  freertos.o(.data)
    statetaskHandle                          0x2000060c   Data           4  freertos.o(.data)
    gimbaltaskHandle                         0x20000610   Data           4  freertos.o(.data)
    firetaskHandle                           0x20000614   Data           4  freertos.o(.data)
    covertaskHandle                          0x20000618   Data           4  freertos.o(.data)
    SystemCoreClock                          0x20000620   Data           4  system_stm32f4xx.o(.data)
    pxCurrentTCB                             0x20000624   Data           4  tasks.o(.data)
    uwTick                                   0x2000068c   Data           4  stm32f4xx_hal.o(.data)
    uwTickPrio                               0x20000690   Data           4  stm32f4xx_hal.o(.data)
    uwTickFreq                               0x20000694   Data           1  stm32f4xx_hal.o(.data)
    INS_Info                                 0x200006a8   Data          48  ins_task.o(.bss)
    tx2                                      0x20001170   Data          28  vision.o(.bss)
    rc_ctrl                                  0x2000118c   Data          28  bsp_rc.o(.bss)
    mpu_data                                 0x20001234   Data          32  bmi088_driver.o(.bss)
    hcan1                                    0x200014a8   Data          40  can.o(.bss)
    hcan2                                    0x200014d0   Data          40  can.o(.bss)
    hspi1                                    0x200014f8   Data          88  spi.o(.bss)
    htim1                                    0x20001550   Data          72  tim.o(.bss)
    htim10                                   0x20001598   Data          72  tim.o(.bss)
    huart3                                   0x200015e0   Data          68  usart.o(.bss)
    hdma_usart3_rx                           0x20001624   Data          96  usart.o(.bss)
    htim2                                    0x20001684   Data          72  stm32f4xx_hal_timebase_tim.o(.bss)
    __libspace_start                         0x200053bc   Data          96  libspace.o(.bss)
    __temporary_stack_top$libspace           0x2000541c   Data           0  libspace.o(.bss)



==============================================================================

Memory Map of the image

  Image Entry point : 0x08000189

  Load Region LR_IROM1 (Base: 0x08000000, Size: 0x00009d9c, Max: 0x00100000, ABSOLUTE, COMPRESSED[0x000098c0])

    Execution Region ER_IROM1 (Exec base: 0x08000000, Load base: 0x08000000, Size: 0x000096f4, Max: 0x00100000, ABSOLUTE)

    Exec Addr    Load Addr    Size         Type   Attr      Idx    E Section Name        Object

    0x08000000   0x08000000   0x00000188   Data   RO         2061    RESET               startup_stm32f407xx.o
    0x08000188   0x08000188   0x00000008   Code   RO         6829  * !!!main             c_w.l(__main.o)
    0x08000190   0x08000190   0x00000034   Code   RO         7165    !!!scatter          c_w.l(__scatter.o)
    0x080001c4   0x080001c4   0x0000005a   Code   RO         7163    !!dczerorl2         c_w.l(__dczerorl2.o)
    0x0800021e   0x0800021e   0x00000002   PAD
    0x08000220   0x08000220   0x0000001c   Code   RO         7167    !!handler_zi        c_w.l(__scatter_zi.o)
    0x0800023c   0x0800023c   0x00000002   Code   RO         7034    .ARM.Collect$$libinit$$00000000  c_w.l(libinit.o)
    0x0800023e   0x0800023e   0x00000004   Code   RO         7043    .ARM.Collect$$libinit$$00000001  c_w.l(libinit2.o)
    0x08000242   0x08000242   0x00000000   Code   RO         7046    .ARM.Collect$$libinit$$00000004  c_w.l(libinit2.o)
    0x08000242   0x08000242   0x00000000   Code   RO         7049    .ARM.Collect$$libinit$$0000000A  c_w.l(libinit2.o)
    0x08000242   0x08000242   0x00000000   Code   RO         7051    .ARM.Collect$$libinit$$0000000C  c_w.l(libinit2.o)
    0x08000242   0x08000242   0x00000000   Code   RO         7053    .ARM.Collect$$libinit$$0000000E  c_w.l(libinit2.o)
    0x08000242   0x08000242   0x00000000   Code   RO         7056    .ARM.Collect$$libinit$$00000011  c_w.l(libinit2.o)
    0x08000242   0x08000242   0x00000000   Code   RO         7058    .ARM.Collect$$libinit$$00000013  c_w.l(libinit2.o)
    0x08000242   0x08000242   0x00000000   Code   RO         7060    .ARM.Collect$$libinit$$00000015  c_w.l(libinit2.o)
    0x08000242   0x08000242   0x00000000   Code   RO         7062    .ARM.Collect$$libinit$$00000017  c_w.l(libinit2.o)
    0x08000242   0x08000242   0x00000000   Code   RO         7064    .ARM.Collect$$libinit$$00000019  c_w.l(libinit2.o)
    0x08000242   0x08000242   0x00000000   Code   RO         7066    .ARM.Collect$$libinit$$0000001B  c_w.l(libinit2.o)
    0x08000242   0x08000242   0x00000000   Code   RO         7068    .ARM.Collect$$libinit$$0000001D  c_w.l(libinit2.o)
    0x08000242   0x08000242   0x00000000   Code   RO         7070    .ARM.Collect$$libinit$$0000001F  c_w.l(libinit2.o)
    0x08000242   0x08000242   0x00000000   Code   RO         7072    .ARM.Collect$$libinit$$00000021  c_w.l(libinit2.o)
    0x08000242   0x08000242   0x00000000   Code   RO         7074    .ARM.Collect$$libinit$$00000023  c_w.l(libinit2.o)
    0x08000242   0x08000242   0x00000000   Code   RO         7076    .ARM.Collect$$libinit$$00000025  c_w.l(libinit2.o)
    0x08000242   0x08000242   0x00000000   Code   RO         7080    .ARM.Collect$$libinit$$0000002C  c_w.l(libinit2.o)
    0x08000242   0x08000242   0x00000000   Code   RO         7082    .ARM.Collect$$libinit$$0000002E  c_w.l(libinit2.o)
    0x08000242   0x08000242   0x00000000   Code   RO         7084    .ARM.Collect$$libinit$$00000030  c_w.l(libinit2.o)
    0x08000242   0x08000242   0x00000000   Code   RO         7086    .ARM.Collect$$libinit$$00000032  c_w.l(libinit2.o)
    0x08000242   0x08000242   0x00000002   Code   RO         7087    .ARM.Collect$$libinit$$00000033  c_w.l(libinit2.o)
    0x08000244   0x08000244   0x00000002   Code   RO         7118    .ARM.Collect$$libshutdown$$00000000  c_w.l(libshutdown.o)
    0x08000246   0x08000246   0x00000000   Code   RO         7144    .ARM.Collect$$libshutdown$$00000002  c_w.l(libshutdown2.o)
    0x08000246   0x08000246   0x00000000   Code   RO         7146    .ARM.Collect$$libshutdown$$00000004  c_w.l(libshutdown2.o)
    0x08000246   0x08000246   0x00000000   Code   RO         7148    .ARM.Collect$$libshutdown$$00000006  c_w.l(libshutdown2.o)
    0x08000246   0x08000246   0x00000000   Code   RO         7151    .ARM.Collect$$libshutdown$$00000009  c_w.l(libshutdown2.o)
    0x08000246   0x08000246   0x00000000   Code   RO         7154    .ARM.Collect$$libshutdown$$0000000C  c_w.l(libshutdown2.o)
    0x08000246   0x08000246   0x00000000   Code   RO         7156    .ARM.Collect$$libshutdown$$0000000E  c_w.l(libshutdown2.o)
    0x08000246   0x08000246   0x00000000   Code   RO         7159    .ARM.Collect$$libshutdown$$00000011  c_w.l(libshutdown2.o)
    0x08000246   0x08000246   0x00000002   Code   RO         7160    .ARM.Collect$$libshutdown$$00000012  c_w.l(libshutdown2.o)
    0x08000248   0x08000248   0x00000000   Code   RO         6945    .ARM.Collect$$rtentry$$00000000  c_w.l(__rtentry.o)
    0x08000248   0x08000248   0x00000000   Code   RO         6993    .ARM.Collect$$rtentry$$00000002  c_w.l(__rtentry2.o)
    0x08000248   0x08000248   0x00000006   Code   RO         7005    .ARM.Collect$$rtentry$$00000004  c_w.l(__rtentry4.o)
    0x0800024e   0x0800024e   0x00000000   Code   RO         6995    .ARM.Collect$$rtentry$$00000009  c_w.l(__rtentry2.o)
    0x0800024e   0x0800024e   0x00000004   Code   RO         6996    .ARM.Collect$$rtentry$$0000000A  c_w.l(__rtentry2.o)
    0x08000252   0x08000252   0x00000000   Code   RO         6998    .ARM.Collect$$rtentry$$0000000C  c_w.l(__rtentry2.o)
    0x08000252   0x08000252   0x00000008   Code   RO         6999    .ARM.Collect$$rtentry$$0000000D  c_w.l(__rtentry2.o)
    0x0800025a   0x0800025a   0x00000002   Code   RO         7035    .ARM.Collect$$rtexit$$00000000  c_w.l(rtexit.o)
    0x0800025c   0x0800025c   0x00000000   Code   RO         7091    .ARM.Collect$$rtexit$$00000002  c_w.l(rtexit2.o)
    0x0800025c   0x0800025c   0x00000004   Code   RO         7092    .ARM.Collect$$rtexit$$00000003  c_w.l(rtexit2.o)
    0x08000260   0x08000260   0x00000006   Code   RO         7093    .ARM.Collect$$rtexit$$00000004  c_w.l(rtexit2.o)
    0x08000266   0x08000266   0x00000002   PAD
    0x08000268   0x08000268   0x000000be   Code   RO         3384    .emb_text           port.o
    0x08000326   0x08000326   0x00000002   PAD
    0x08000328   0x08000328   0x00000040   Code   RO         2062    .text               startup_stm32f407xx.o
    0x08000368   0x08000368   0x000000ee   Code   RO         6813    .text               c_w.l(lludivv7m.o)
    0x08000456   0x08000456   0x00000064   Code   RO         6819    .text               c_w.l(rt_memcpy_w.o)
    0x080004ba   0x080004ba   0x00000010   Code   RO         6823    .text               c_w.l(aeabi_memset.o)
    0x080004ca   0x080004ca   0x0000004e   Code   RO         6825    .text               c_w.l(rt_memclr_w.o)
    0x08000518   0x08000518   0x00000006   Code   RO         6827    .text               c_w.l(heapauxi.o)
    0x0800051e   0x0800051e   0x00000016   Code   RO         6950    .text               c_w.l(_rserrno.o)
    0x08000534   0x08000534   0x00000044   Code   RO         6952    .text               c_w.l(rt_memclr.o)
    0x08000578   0x08000578   0x00000008   Code   RO         7012    .text               c_w.l(rt_errno_addr_intlibspace.o)
    0x08000580   0x08000580   0x00000008   Code   RO         7018    .text               c_w.l(libspace.o)
    0x08000588   0x08000588   0x0000004a   Code   RO         7021    .text               c_w.l(sys_stackheap_outer.o)
    0x080005d2   0x080005d2   0x00000012   Code   RO         7023    .text               c_w.l(exit.o)
    0x080005e4   0x080005e4   0x0000000c   Code   RO         7088    .text               c_w.l(sys_exit.o)
    0x080005f0   0x080005f0   0x00000002   Code   RO         7107    .text               c_w.l(use_no_semi.o)
    0x080005f2   0x080005f2   0x00000000   Code   RO         7109    .text               c_w.l(indicate_semi.o)
    0x080005f2   0x080005f2   0x000000a8   Code   RO         6638    .text.arm_cos_f32   arm_cortexM4l_math.lib(arm_cos_f32.o)
    0x0800069a   0x0800069a   0x000000a0   Code   RO         6648    .text.arm_sin_f32   arm_cortexM4l_math.lib(arm_sin_f32.o)
    0x0800073a   0x0800073a   0x00000018   Code   RO         1284    i.AHRS_asinf        ahrs_middleware.o
    0x08000752   0x08000752   0x00000020   Code   RO         1285    i.AHRS_atan2f       ahrs_middleware.o
    0x08000772   0x08000772   0x00000018   Code   RO         1286    i.AHRS_cosf         ahrs_middleware.o
    0x0800078a   0x0800078a   0x0000001a   Code   RO         6550    i.AHRS_fabs         AHRS.lib(ahrs.o)
    0x080007a4   0x080007a4   0x00000010   Code   RO         1287    i.AHRS_get_height   ahrs_middleware.o
    0x080007b4   0x080007b4   0x0000000c   Code   RO         1288    i.AHRS_get_latitude  ahrs_middleware.o
    0x080007c0   0x080007c0   0x0000029c   Code   RO         6551    i.AHRS_init         AHRS.lib(ahrs.o)
    0x08000a5c   0x08000a5c   0x00000024   Code   RO         1289    i.AHRS_invSqrt      ahrs_middleware.o
    0x08000a80   0x08000a80   0x00000018   Code   RO         1290    i.AHRS_sinf         ahrs_middleware.o
    0x08000a98   0x08000a98   0x0000013a   Code   RO         6552    i.AHRS_update       AHRS.lib(ahrs.o)
    0x08000bd2   0x08000bd2   0x00000002   PAD
    0x08000bd4   0x08000bd4   0x00000014   Code   RO          973    i.BMI088_ACCEL_NS_H  bsp_bmi088.o
    0x08000be8   0x08000be8   0x00000014   Code   RO          974    i.BMI088_ACCEL_NS_L  bsp_bmi088.o
    0x08000bfc   0x08000bfc   0x00000014   Code   RO          975    i.BMI088_GYRO_NS_H  bsp_bmi088.o
    0x08000c10   0x08000c10   0x00000014   Code   RO          976    i.BMI088_GYRO_NS_L  bsp_bmi088.o
    0x08000c24   0x08000c24   0x00000014   Code   RO         1157    i.BMI088_Offset_Cali  bmi088_driver.o
    0x08000c38   0x08000c38   0x00000024   Code   RO          977    i.BMI088_Read_Write_Byte  bsp_bmi088.o
    0x08000c5c   0x08000c5c   0x00000036   Code   RO         1158    i.BMI088_init       bmi088_driver.o
    0x08000c92   0x08000c92   0x00000002   PAD
    0x08000c94   0x08000c94   0x000001f8   Code   RO         1159    i.BMI088_read       bmi088_driver.o
    0x08000e8c   0x08000e8c   0x00000026   Code   RO         1160    i.BMI088_read_muli_reg  bmi088_driver.o
    0x08000eb2   0x08000eb2   0x00000018   Code   RO         1161    i.BMI088_read_single_reg  bmi088_driver.o
    0x08000eca   0x08000eca   0x00000014   Code   RO         1162    i.BMI088_write_single_reg  bmi088_driver.o
    0x08000ede   0x08000ede   0x00000020   Code   RO          640    i.BSP_Init          bsp.o
    0x08000efe   0x08000efe   0x00000004   Code   RO         1899    i.BusFault_Handler  stm32f4xx_it.o
    0x08000f02   0x08000f02   0x00000002   PAD
    0x08000f04   0x08000f04   0x00000010   Code   RO         1900    i.CAN1_RX0_IRQHandler  stm32f4xx_it.o
    0x08000f14   0x08000f14   0x00000010   Code   RO         1901    i.CAN2_RX0_IRQHandler  stm32f4xx_it.o
    0x08000f24   0x08000f24   0x00000150   Code   RO          726    i.CAN_RxDataHandler  bsp_can.o
    0x08001074   0x08001074   0x00000010   Code   RO         1902    i.DMA1_Stream1_IRQHandler  stm32f4xx_it.o
    0x08001084   0x08001084   0x00000034   Code   RO         4202    i.DMA_CalcBaseAndBitshift  stm32f4xx_hal_dma.o
    0x080010b8   0x080010b8   0x000000aa   Code   RO         4203    i.DMA_CheckFifoParam  stm32f4xx_hal_dma.o
    0x08001162   0x08001162   0x00000002   Code   RO         1903    i.DebugMon_Handler  stm32f4xx_it.o
    0x08001164   0x08001164   0x0000000a   Code   RO         1904    i.EXTI4_IRQHandler  stm32f4xx_it.o
    0x0800116e   0x0800116e   0x0000000a   Code   RO         1905    i.EXTI9_5_IRQHandler  stm32f4xx_it.o
    0x08001178   0x08001178   0x00000006   Code   RO         1538    i.Error_Handler     main.o
    0x0800117e   0x0800117e   0x0000002a   Code   RO         3465    i.HAL_CAN_ActivateNotification  stm32f4xx_hal_can.o
    0x080011a8   0x080011a8   0x00000156   Code   RO         3466    i.HAL_CAN_AddTxMessage  stm32f4xx_hal_can.o
    0x080012fe   0x080012fe   0x00000002   PAD
    0x08001300   0x08001300   0x00000124   Code   RO         3467    i.HAL_CAN_ConfigFilter  stm32f4xx_hal_can.o
    0x08001424   0x08001424   0x00000002   Code   RO         3470    i.HAL_CAN_ErrorCallback  stm32f4xx_hal_can.o
    0x08001426   0x08001426   0x0000017a   Code   RO         3473    i.HAL_CAN_GetRxMessage  stm32f4xx_hal_can.o
    0x080015a0   0x080015a0   0x0000024e   Code   RO         3477    i.HAL_CAN_IRQHandler  stm32f4xx_hal_can.o
    0x080017ee   0x080017ee   0x00000174   Code   RO         3478    i.HAL_CAN_Init      stm32f4xx_hal_can.o
    0x08001962   0x08001962   0x00000002   PAD
    0x08001964   0x08001964   0x00000160   Code   RO         1677    i.HAL_CAN_MspInit   can.o
    0x08001ac4   0x08001ac4   0x00000002   Code   RO         3485    i.HAL_CAN_RxFifo0FullCallback  stm32f4xx_hal_can.o
    0x08001ac6   0x08001ac6   0x00000002   PAD
    0x08001ac8   0x08001ac8   0x0000002c   Code   RO          727    i.HAL_CAN_RxFifo0MsgPendingCallback  bsp_can.o
    0x08001af4   0x08001af4   0x00000002   Code   RO         3487    i.HAL_CAN_RxFifo1FullCallback  stm32f4xx_hal_can.o
    0x08001af6   0x08001af6   0x00000002   Code   RO         3488    i.HAL_CAN_RxFifo1MsgPendingCallback  stm32f4xx_hal_can.o
    0x08001af8   0x08001af8   0x00000002   Code   RO         3489    i.HAL_CAN_SleepCallback  stm32f4xx_hal_can.o
    0x08001afa   0x08001afa   0x0000005e   Code   RO         3490    i.HAL_CAN_Start     stm32f4xx_hal_can.o
    0x08001b58   0x08001b58   0x00000002   Code   RO         3492    i.HAL_CAN_TxMailbox0AbortCallback  stm32f4xx_hal_can.o
    0x08001b5a   0x08001b5a   0x00000002   Code   RO         3493    i.HAL_CAN_TxMailbox0CompleteCallback  stm32f4xx_hal_can.o
    0x08001b5c   0x08001b5c   0x00000002   Code   RO         3494    i.HAL_CAN_TxMailbox1AbortCallback  stm32f4xx_hal_can.o
    0x08001b5e   0x08001b5e   0x00000002   Code   RO         3495    i.HAL_CAN_TxMailbox1CompleteCallback  stm32f4xx_hal_can.o
    0x08001b60   0x08001b60   0x00000002   Code   RO         3496    i.HAL_CAN_TxMailbox2AbortCallback  stm32f4xx_hal_can.o
    0x08001b62   0x08001b62   0x00000002   Code   RO         3497    i.HAL_CAN_TxMailbox2CompleteCallback  stm32f4xx_hal_can.o
    0x08001b64   0x08001b64   0x00000002   Code   RO         3499    i.HAL_CAN_WakeUpFromRxMsgCallback  stm32f4xx_hal_can.o
    0x08001b66   0x08001b66   0x000000ac   Code   RO         4205    i.HAL_DMA_Abort     stm32f4xx_hal_dma.o
    0x08001c12   0x08001c12   0x00000028   Code   RO         4206    i.HAL_DMA_Abort_IT  stm32f4xx_hal_dma.o
    0x08001c3a   0x08001c3a   0x00000002   PAD
    0x08001c3c   0x08001c3c   0x00000240   Code   RO         4210    i.HAL_DMA_IRQHandler  stm32f4xx_hal_dma.o
    0x08001e7c   0x08001e7c   0x000000ec   Code   RO         4211    i.HAL_DMA_Init      stm32f4xx_hal_dma.o
    0x08001f68   0x08001f68   0x00000028   Code   RO         4629    i.HAL_Delay         stm32f4xx_hal.o
    0x08001f90   0x08001f90   0x00000002   Code   RO         4096    i.HAL_GPIO_EXTI_Callback  stm32f4xx_hal_gpio.o
    0x08001f92   0x08001f92   0x00000002   PAD
    0x08001f94   0x08001f94   0x0000001c   Code   RO         4097    i.HAL_GPIO_EXTI_IRQHandler  stm32f4xx_hal_gpio.o
    0x08001fb0   0x08001fb0   0x000001f4   Code   RO         4098    i.HAL_GPIO_Init     stm32f4xx_hal_gpio.o
    0x080021a4   0x080021a4   0x00000014   Code   RO         4101    i.HAL_GPIO_TogglePin  stm32f4xx_hal_gpio.o
    0x080021b8   0x080021b8   0x0000000c   Code   RO         4102    i.HAL_GPIO_WritePin  stm32f4xx_hal_gpio.o
    0x080021c4   0x080021c4   0x0000000c   Code   RO         4635    i.HAL_GetTick       stm32f4xx_hal.o
    0x080021d0   0x080021d0   0x00000018   Code   RO         4641    i.HAL_IncTick       stm32f4xx_hal.o
    0x080021e8   0x080021e8   0x0000003c   Code   RO         4642    i.HAL_Init          stm32f4xx_hal.o
    0x08002224   0x08002224   0x000000b4   Code   RO         2023    i.HAL_InitTick      stm32f4xx_hal_timebase_tim.o
    0x080022d8   0x080022d8   0x00000054   Code   RO         1999    i.HAL_MspInit       stm32f4xx_hal_msp.o
    0x0800232c   0x0800232c   0x00000020   Code   RO         4487    i.HAL_NVIC_EnableIRQ  stm32f4xx_hal_cortex.o
    0x0800234c   0x0800234c   0x0000007c   Code   RO         4493    i.HAL_NVIC_SetPriority  stm32f4xx_hal_cortex.o
    0x080023c8   0x080023c8   0x00000028   Code   RO         4494    i.HAL_NVIC_SetPriorityGrouping  stm32f4xx_hal_cortex.o
    0x080023f0   0x080023f0   0x00000184   Code   RO         3699    i.HAL_RCC_ClockConfig  stm32f4xx_hal_rcc.o
    0x08002574   0x08002574   0x00000044   Code   RO         3703    i.HAL_RCC_GetClockConfig  stm32f4xx_hal_rcc.o
    0x080025b8   0x080025b8   0x0000000c   Code   RO         3704    i.HAL_RCC_GetHCLKFreq  stm32f4xx_hal_rcc.o
    0x080025c4   0x080025c4   0x00000020   Code   RO         3706    i.HAL_RCC_GetPCLK1Freq  stm32f4xx_hal_rcc.o
    0x080025e4   0x080025e4   0x00000020   Code   RO         3707    i.HAL_RCC_GetPCLK2Freq  stm32f4xx_hal_rcc.o
    0x08002604   0x08002604   0x000000b0   Code   RO         3708    i.HAL_RCC_GetSysClockFreq  stm32f4xx_hal_rcc.o
    0x080026b4   0x080026b4   0x0000049c   Code   RO         3711    i.HAL_RCC_OscConfig  stm32f4xx_hal_rcc.o
    0x08002b50   0x08002b50   0x000000c8   Code   RO         4891    i.HAL_SPI_Init      stm32f4xx_hal_spi.o
    0x08002c18   0x08002c18   0x000000c4   Code   RO         1750    i.HAL_SPI_MspInit   spi.o
    0x08002cdc   0x08002cdc   0x0000022a   Code   RO         4900    i.HAL_SPI_TransmitReceive  stm32f4xx_hal_spi.o
    0x08002f06   0x08002f06   0x00000002   Code   RO         5919    i.HAL_TIMEx_BreakCallback  stm32f4xx_hal_tim_ex.o
    0x08002f08   0x08002f08   0x00000002   Code   RO         5920    i.HAL_TIMEx_CommutCallback  stm32f4xx_hal_tim_ex.o
    0x08002f0a   0x08002f0a   0x00000074   Code   RO         5922    i.HAL_TIMEx_ConfigBreakDeadTime  stm32f4xx_hal_tim_ex.o
    0x08002f7e   0x08002f7e   0x00000002   PAD
    0x08002f80   0x08002f80   0x000000b4   Code   RO         5938    i.HAL_TIMEx_MasterConfigSynchronization  stm32f4xx_hal_tim_ex.o
    0x08003034   0x08003034   0x00000066   Code   RO         5204    i.HAL_TIM_Base_Init  stm32f4xx_hal_tim.o
    0x0800309a   0x0800309a   0x00000002   PAD
    0x0800309c   0x0800309c   0x00000034   Code   RO         1792    i.HAL_TIM_Base_MspInit  tim.o
    0x080030d0   0x080030d0   0x000000a8   Code   RO         5209    i.HAL_TIM_Base_Start_IT  stm32f4xx_hal_tim.o
    0x08003178   0x08003178   0x00000002   Code   RO         5238    i.HAL_TIM_IC_CaptureCallback  stm32f4xx_hal_tim.o
    0x0800317a   0x0800317a   0x00000196   Code   RO         5252    i.HAL_TIM_IRQHandler  stm32f4xx_hal_tim.o
    0x08003310   0x08003310   0x000000ac   Code   RO         1793    i.HAL_TIM_MspPostInit  tim.o
    0x080033bc   0x080033bc   0x00000002   Code   RO         5255    i.HAL_TIM_OC_DelayElapsedCallback  stm32f4xx_hal_tim.o
    0x080033be   0x080033be   0x00000104   Code   RO         5276    i.HAL_TIM_PWM_ConfigChannel  stm32f4xx_hal_tim.o
    0x080034c2   0x080034c2   0x00000066   Code   RO         5279    i.HAL_TIM_PWM_Init  stm32f4xx_hal_tim.o
    0x08003528   0x08003528   0x00000034   Code   RO         1795    i.HAL_TIM_PWM_MspInit  tim.o
    0x0800355c   0x0800355c   0x00000002   Code   RO         5282    i.HAL_TIM_PWM_PulseFinishedCallback  stm32f4xx_hal_tim.o
    0x0800355e   0x0800355e   0x00000002   PAD
    0x08003560   0x08003560   0x0000010c   Code   RO         5284    i.HAL_TIM_PWM_Start  stm32f4xx_hal_tim.o
    0x0800366c   0x0800366c   0x00000012   Code   RO         1539    i.HAL_TIM_PeriodElapsedCallback  main.o
    0x0800367e   0x0800367e   0x00000002   Code   RO         5295    i.HAL_TIM_TriggerCallback  stm32f4xx_hal_tim.o
    0x08003680   0x08003680   0x00000002   Code   RO         6197    i.HAL_UARTEx_RxEventCallback  stm32f4xx_hal_uart.o
    0x08003682   0x08003682   0x00000002   Code   RO         6211    i.HAL_UART_ErrorCallback  stm32f4xx_hal_uart.o
    0x08003684   0x08003684   0x000002e0   Code   RO         6214    i.HAL_UART_IRQHandler  stm32f4xx_hal_uart.o
    0x08003964   0x08003964   0x00000072   Code   RO         6215    i.HAL_UART_Init     stm32f4xx_hal_uart.o
    0x080039d6   0x080039d6   0x00000002   PAD
    0x080039d8   0x080039d8   0x000000e4   Code   RO         1858    i.HAL_UART_MspInit  usart.o
    0x08003abc   0x08003abc   0x00000002   Code   RO         6221    i.HAL_UART_RxCpltCallback  stm32f4xx_hal_uart.o
    0x08003abe   0x08003abe   0x00000002   Code   RO         6226    i.HAL_UART_TxCpltCallback  stm32f4xx_hal_uart.o
    0x08003ac0   0x08003ac0   0x00000004   Code   RO         1906    i.HardFault_Handler  stm32f4xx_it.o
    0x08003ac4   0x08003ac4   0x0000000c   Code   RO          913    i.Heat_Power_Ctl    bsp_tim.o
    0x08003ad0   0x08003ad0   0x0000033c   Code   RO          461    i.IMU_getValues     ins_task.o
    0x08003e0c   0x08003e0c   0x000000ac   Code   RO          462    i.INS_Init          ins_task.o
    0x08003eb8   0x08003eb8   0x00000240   Code   RO          463    i.INS_Task          ins_task.o
    0x080040f8   0x080040f8   0x00000048   Code   RO         1678    i.MX_CAN1_Init      can.o
    0x08004140   0x08004140   0x00000048   Code   RO         1679    i.MX_CAN2_Init      can.o
    0x08004188   0x08004188   0x00000038   Code   RO         1725    i.MX_DMA_Init       dma.o
    0x080041c0   0x080041c0   0x00000098   Code   RO         1611    i.MX_FREERTOS_Init  freertos.o
    0x08004258   0x08004258   0x00000168   Code   RO         1586    i.MX_GPIO_Init      gpio.o
    0x080043c0   0x080043c0   0x00000044   Code   RO         1751    i.MX_SPI1_Init      spi.o
    0x08004404   0x08004404   0x0000006c   Code   RO         1796    i.MX_TIM10_Init     tim.o
    0x08004470   0x08004470   0x000000b4   Code   RO         1797    i.MX_TIM1_Init      tim.o
    0x08004524   0x08004524   0x00000038   Code   RO         1859    i.MX_USART3_UART_Init  usart.o
    0x0800455c   0x0800455c   0x00000004   Code   RO         1907    i.MemManage_Handler  stm32f4xx_it.o
    0x08004560   0x08004560   0x00000004   Code   RO         1908    i.NMI_Handler       stm32f4xx_it.o
    0x08004564   0x08004564   0x00000012   Code   RO          206    i.PID_Delta_init    pid.o
    0x08004576   0x08004576   0x00000002   PAD
    0x08004578   0x08004578   0x00000020   Code   RO          207    i.PID_Init          pid.o
    0x08004598   0x08004598   0x00000040   Code   RO          208    i.PID_clear         pid.o
    0x080045d8   0x080045d8   0x00000074   Code   RO          209    i.PID_param_init    pid.o
    0x0800464c   0x0800464c   0x0000006c   Code   RO         4929    i.SPI_EndRxTxTransaction  stm32f4xx_hal_spi.o
    0x080046b8   0x080046b8   0x000000d8   Code   RO         4934    i.SPI_WaitFlagStateUntilTimeout  stm32f4xx_hal_spi.o
    0x08004790   0x08004790   0x00000034   Code   RO         3385    i.SysTick_Handler   port.o
    0x080047c4   0x080047c4   0x000000b4   Code   RO         1540    i.SystemClock_Config  main.o
    0x08004878   0x08004878   0x00000014   Code   RO         2070    i.SystemInit        system_stm32f4xx.o
    0x0800488c   0x0800488c   0x00000010   Code   RO         1909    i.TIM2_IRQHandler   stm32f4xx_it.o
    0x0800489c   0x0800489c   0x000000d8   Code   RO         5297    i.TIM_Base_SetConfig  stm32f4xx_hal_tim.o
    0x08004974   0x08004974   0x00000022   Code   RO         5298    i.TIM_CCxChannelCmd  stm32f4xx_hal_tim.o
    0x08004996   0x08004996   0x00000002   PAD
    0x08004998   0x08004998   0x00000070   Code   RO         5310    i.TIM_OC1_SetConfig  stm32f4xx_hal_tim.o
    0x08004a08   0x08004a08   0x0000007c   Code   RO         5311    i.TIM_OC2_SetConfig  stm32f4xx_hal_tim.o
    0x08004a84   0x08004a84   0x00000078   Code   RO         5312    i.TIM_OC3_SetConfig  stm32f4xx_hal_tim.o
    0x08004afc   0x08004afc   0x00000054   Code   RO         5313    i.TIM_OC4_SetConfig  stm32f4xx_hal_tim.o
    0x08004b50   0x08004b50   0x00000014   Code   RO         6228    i.UART_DMAAbortOnError  stm32f4xx_hal_uart.o
    0x08004b64   0x08004b64   0x0000006c   Code   RO         6238    i.UART_EndRxTransfer  stm32f4xx_hal_uart.o
    0x08004bd0   0x08004bd0   0x00000020   Code   RO         6239    i.UART_EndTransmit_IT  stm32f4xx_hal_uart.o
    0x08004bf0   0x08004bf0   0x000000f8   Code   RO         6241    i.UART_Receive_IT   stm32f4xx_hal_uart.o
    0x08004ce8   0x08004ce8   0x0000022c   Code   RO         6242    i.UART_SetConfig    stm32f4xx_hal_uart.o
    0x08004f14   0x08004f14   0x00000060   Code   RO         6245    i.UART_Transmit_IT  stm32f4xx_hal_uart.o
    0x08004f74   0x08004f74   0x00000014   Code   RO         1910    i.USART3_IRQHandler  stm32f4xx_it.o
    0x08004f88   0x08004f88   0x000000c8   Code   RO          673    i.USAR_UART3_IDLECallback  bsp_rc.o
    0x08005050   0x08005050   0x0000004c   Code   RO          774    i.USER_UART_IRQHandler  bsp_usart.o
    0x0800509c   0x0800509c   0x00000004   Code   RO         1911    i.UsageFault_Handler  stm32f4xx_it.o
    0x080050a0   0x080050a0   0x00000026   Code   RO         6973    i.__ARM_fpclassifyf  m_wm.l(fpclassifyf.o)
    0x080050c6   0x080050c6   0x00000002   PAD
    0x080050c8   0x080050c8   0x00000010   Code   RO         4500    i.__NVIC_GetPriorityGrouping  stm32f4xx_hal_cortex.o
    0x080050d8   0x080050d8   0x00000028   Code   RO         4501    i.__NVIC_SetPriority  stm32f4xx_hal_cortex.o
    0x08005100   0x08005100   0x0000012c   Code   RO         6879    i.__hardfp_asinf    m_wm.l(asinf.o)
    0x0800522c   0x0800522c   0x000002ac   Code   RO         6891    i.__hardfp_atan2f   m_wm.l(atan2f.o)
    0x080054d8   0x080054d8   0x0000003a   Code   RO         6921    i.__hardfp_sqrtf    m_wm.l(sqrtf.o)
    0x08005512   0x08005512   0x00000006   Code   RO         6976    i.__mathlib_flt_infnan  m_wm.l(funder.o)
    0x08005518   0x08005518   0x00000006   Code   RO         6977    i.__mathlib_flt_infnan2  m_wm.l(funder.o)
    0x0800551e   0x0800551e   0x00000002   PAD
    0x08005520   0x08005520   0x00000010   Code   RO         6978    i.__mathlib_flt_invalid  m_wm.l(funder.o)
    0x08005530   0x08005530   0x00000010   Code   RO         6981    i.__mathlib_flt_underflow  m_wm.l(funder.o)
    0x08005540   0x08005540   0x000001d0   Code   RO         6553    i.accel_comple_filter  AHRS.lib(ahrs.o)
    0x08005710   0x08005710   0x0000018c   Code   RO         6554    i.accel_update_kp_ki  AHRS.lib(ahrs.o)
    0x0800589c   0x0800589c   0x0000016c   Code   RO         6555    i.angle_to_quat     AHRS.lib(ahrs.o)
    0x08005a08   0x08005a08   0x00000130   Code   RO         1163    i.bmi088_accel_init  bmi088_driver.o
    0x08005b38   0x08005b38   0x0000030c   Code   RO         1164    i.bmi088_accel_self_test  bmi088_driver.o
    0x08005e44   0x08005e44   0x000000fc   Code   RO         1165    i.bmi088_gyro_init  bmi088_driver.o
    0x08005f40   0x08005f40   0x000000d0   Code   RO         1166    i.bmi088_gyro_self_test  bmi088_driver.o
    0x08006010   0x08006010   0x00000010   Code   RO          914    i.bsp_tim_init      bsp_tim.o
    0x08006020   0x08006020   0x00000074   Code   RO          728    i.can_init          bsp_can.o
    0x08006094   0x08006094   0x00000080   Code   RO          267    i.coverTask         covertask.o
    0x08006114   0x08006114   0x00000018   Code   RO          602    i.delay_ms          haltick.o
    0x0800612c   0x0800612c   0x00000018   Code   RO          603    i.delay_us          haltick.o
    0x08006144   0x08006144   0x000000dc   Code   RO         1082    i.encoder_to_anglesum  motor.o
    0x08006220   0x08006220   0x0000016c   Code   RO          210    i.f_PID_Calculate   pid.o
    0x0800638c   0x0800638c   0x000000d0   Code   RO          211    i.f_PID_Delta_Calc  pid.o
    0x0800645c   0x0800645c   0x00000016   Code   RO          212    i.f_PID_ErrorHandle  pid.o
    0x08006472   0x08006472   0x00000002   PAD
    0x08006474   0x08006474   0x00000060   Code   RO         1132    i.f_get_bmi088_message  message.o
    0x080064d4   0x080064d4   0x000001b4   Code   RO          366    i.fireTask          firetask.o
    0x08006688   0x08006688   0x00000180   Code   RO          367    i.fire_ctrl         firetask.o
    0x08006808   0x08006808   0x00000118   Code   RO         1084    i.get_DJI_Motor_Info  motor.o
    0x08006920   0x08006920   0x000000e8   Code   RO         6556    i.get_angle         AHRS.lib(ahrs.o)
    0x08006a08   0x08006a08   0x0000024c   Code   RO          404    i.gimbalTask        gimbaltask.o
    0x08006c54   0x08006c54   0x000000f8   Code   RO          464    i.imu_cali_slove    ins_task.o
    0x08006d4c   0x08006d4c   0x000000ac   Code   RO          465    i.imu_temp_control  ins_task.o
    0x08006df8   0x08006df8   0x00000010   Code   RO         2936    i.inHandlerMode     cmsis_os.o
    0x08006e08   0x08006e08   0x00000038   Code   RO         1541    i.main              main.o
    0x08006e40   0x08006e40   0x0000000e   Code   RO         2938    i.makeFreeRtosPriority  cmsis_os.o
    0x08006e4e   0x08006e4e   0x00000024   Code   RO          604    i.micros            haltick.o
    0x08006e72   0x08006e72   0x0000001c   Code   RO         2941    i.osDelayUntil      cmsis_os.o
    0x08006e8e   0x08006e8e   0x0000000a   Code   RO         2943    i.osKernelStart     cmsis_os.o
    0x08006e98   0x08006e98   0x00000014   Code   RO         2944    i.osKernelSysTick   cmsis_os.o
    0x08006eac   0x08006eac   0x0000005e   Code   RO         2977    i.osThreadCreate    cmsis_os.o
    0x08006f0a   0x08006f0a   0x00000002   PAD
    0x08006f0c   0x08006f0c   0x000002b0   Code   RO          405    i.posture_ctrl      gimbaltask.o
    0x080071bc   0x080071bc   0x00000098   Code   RO         2576    i.prvAddCurrentTaskToDelayedList  tasks.o
    0x08007254   0x08007254   0x000000b4   Code   RO         2577    i.prvAddNewTaskToReadyList  tasks.o
    0x08007308   0x08007308   0x00000048   Code   RO         2578    i.prvCheckTasksWaitingTermination  tasks.o
    0x08007350   0x08007350   0x00000050   Code   RO         2579    i.prvDeleteTCB      tasks.o
    0x080073a0   0x080073a0   0x0000007c   Code   RO         3317    i.prvHeapInit       heap_4.o
    0x0800741c   0x0800741c   0x00000028   Code   RO         2580    i.prvIdleTask       tasks.o
    0x08007444   0x08007444   0x000000be   Code   RO         2581    i.prvInitialiseNewTask  tasks.o
    0x08007502   0x08007502   0x00000002   PAD
    0x08007504   0x08007504   0x00000068   Code   RO         2582    i.prvInitialiseTaskLists  tasks.o
    0x0800756c   0x0800756c   0x00000068   Code   RO         3318    i.prvInsertBlockIntoFreeList  heap_4.o
    0x080075d4   0x080075d4   0x00000034   Code   RO         2583    i.prvResetNextTaskUnblockTime  tasks.o
    0x08007608   0x08007608   0x00000040   Code   RO         3386    i.prvTaskExitError  port.o
    0x08007648   0x08007648   0x0000014c   Code   RO         3319    i.pvPortMalloc      heap_4.o
    0x08007794   0x08007794   0x0000002c   Code   RO         3387    i.pxPortInitialiseStack  port.o
    0x080077c0   0x080077c0   0x00000084   Code   RO         6561    i.quat_normalization  AHRS.lib(ahrs.o)
    0x08007844   0x08007844   0x000000b8   Code   RO          406    i.ramp_fuction      gimbaltask.o
    0x080078fc   0x080078fc   0x000000b8   Code   RO          674    i.rc_init           bsp_rc.o
    0x080079b4   0x080079b4   0x00000014   Code   RO          675    i.remote_control_init  bsp_rc.o
    0x080079c8   0x080079c8   0x000000d4   Code   RO          676    i.sbus_to_rc        bsp_rc.o
    0x08007a9c   0x08007a9c   0x0000003e   Code   RO         6923    i.sqrtf             m_wm.l(sqrtf.o)
    0x08007ada   0x08007ada   0x00000002   PAD
    0x08007adc   0x08007adc   0x000005f4   Code   RO          533    i.stateTask         statetask.o
    0x080080d0   0x080080d0   0x0000007a   Code   RO         6562    i.update_w          AHRS.lib(ahrs.o)
    0x0800814a   0x0800814a   0x00000028   Code   RO         2207    i.uxListRemove      list.o
    0x08008172   0x08008172   0x00000002   PAD
    0x08008174   0x08008174   0x00000018   Code   RO         1616    i.vApplicationGetIdleTaskMemory  freertos.o
    0x0800818c   0x0800818c   0x0000001a   Code   RO         2208    i.vListInitialise   list.o
    0x080081a6   0x080081a6   0x00000006   Code   RO         2209    i.vListInitialiseItem  list.o
    0x080081ac   0x080081ac   0x00000034   Code   RO         2210    i.vListInsert       list.o
    0x080081e0   0x080081e0   0x00000018   Code   RO         2211    i.vListInsertEnd    list.o
    0x080081f8   0x080081f8   0x00000054   Code   RO         3389    i.vPortEnterCritical  port.o
    0x0800824c   0x0800824c   0x0000003c   Code   RO         3390    i.vPortExitCritical  port.o
    0x08008288   0x08008288   0x000000a4   Code   RO         3320    i.vPortFree         heap_4.o
    0x0800832c   0x0800832c   0x00000028   Code   RO         3391    i.vPortSetupTimerInterrupt  port.o
    0x08008354   0x08008354   0x00000078   Code   RO         3392    i.vPortValidateInterruptPriority  port.o
    0x080083cc   0x080083cc   0x0000005c   Code   RO         2595    i.vTaskDelay        tasks.o
    0x08008428   0x08008428   0x000000d4   Code   RO         2596    i.vTaskDelayUntil   tasks.o
    0x080084fc   0x080084fc   0x000000b0   Code   RO         2609    i.vTaskStartScheduler  tasks.o
    0x080085ac   0x080085ac   0x00000010   Code   RO         2611    i.vTaskSuspendAll   tasks.o
    0x080085bc   0x080085bc   0x0000008c   Code   RO         2612    i.vTaskSwitchContext  tasks.o
    0x08008648   0x08008648   0x00000168   Code   RO         3393    i.xPortStartScheduler  port.o
    0x080087b0   0x080087b0   0x00000064   Code   RO         2615    i.xTaskCreate       tasks.o
    0x08008814   0x08008814   0x000000ba   Code   RO         2616    i.xTaskCreateStatic  tasks.o
    0x080088ce   0x080088ce   0x00000002   PAD
    0x080088d0   0x080088d0   0x0000000c   Code   RO         2622    i.xTaskGetTickCount  tasks.o
    0x080088dc   0x080088dc   0x00000014   Code   RO         2623    i.xTaskGetTickCountFromISR  tasks.o
    0x080088f0   0x080088f0   0x00000148   Code   RO         2624    i.xTaskIncrementTick  tasks.o
    0x08008a38   0x08008a38   0x00000104   Code   RO         2630    i.xTaskResumeAll    tasks.o
    0x08008b3c   0x08008b3c   0x00000012   Code   RO         6841    x$fpl$fadd          fz_wm.l(faddsub_clz.o)
    0x08008b4e   0x08008b4e   0x00000054   Code   RO         6847    x$fpl$fcmp          fz_wm.l(fcmp.o)
    0x08008ba2   0x08008ba2   0x00000018   Code   RO         7016    x$fpl$fcmpinf       fz_wm.l(fcmpi.o)
    0x08008bba   0x08008bba   0x00000002   PAD
    0x08008bbc   0x08008bbc   0x00000030   Code   RO         6962    x$fpl$feqf          fz_wm.l(feqf.o)
    0x08008bec   0x08008bec   0x0000000e   Code   RO         6853    x$fpl$ffix          fz_wm.l(ffix.o)
    0x08008bfa   0x08008bfa   0x0000000e   Code   RO         6857    x$fpl$ffixu         fz_wm.l(ffixu.o)
    0x08008c08   0x08008c08   0x0000000e   Code   RO         6862    x$fpl$fflt          fz_wm.l(fflt_clz.o)
    0x08008c16   0x08008c16   0x0000000e   Code   RO         6861    x$fpl$ffltu         fz_wm.l(fflt_clz.o)
    0x08008c24   0x08008c24   0x00000030   Code   RO         6964    x$fpl$fgeqf         fz_wm.l(fgeqf.o)
    0x08008c54   0x08008c54   0x00000030   Code   RO         6966    x$fpl$fleqf         fz_wm.l(fleqf.o)
    0x08008c84   0x08008c84   0x00000012   Code   RO         6865    x$fpl$fmul          fz_wm.l(fmul.o)
    0x08008c96   0x08008c96   0x0000008c   Code   RO         6968    x$fpl$fnaninf       fz_wm.l(fnaninf.o)
    0x08008d22   0x08008d22   0x0000000a   Code   RO         7103    x$fpl$fpinit        fz_wm.l(fpinit.o)
    0x08008d2c   0x08008d2c   0x00000012   Code   RO         6842    x$fpl$fsub          fz_wm.l(faddsub_clz.o)
    0x08008d3e   0x08008d3e   0x00000000   Code   RO         6972    x$fpl$usenofp       fz_wm.l(usenofp.o)
    0x08008d3e   0x08008d3e   0x00000002   PAD
    0x08008d40   0x08008d40   0x00000048   Data   RO          368    .constdata          firetask.o
    0x08008d88   0x08008d88   0x00000030   Data   RO          407    .constdata          gimbaltask.o
    0x08008db8   0x08008db8   0x0000000c   Data   RO          467    .constdata          ins_task.o
    0x08008dc4   0x08008dc4   0x00000012   Data   RO         1168    .constdata          bmi088_driver.o
    0x08008dd6   0x08008dd6   0x00000002   PAD
    0x08008dd8   0x08008dd8   0x0000008c   Data   RO         1618    .constdata          freertos.o
    0x08008e64   0x08008e64   0x00000018   Data   RO         2071    .constdata          system_stm32f4xx.o
    0x08008e7c   0x08008e7c   0x00000008   Data   RO         4217    .constdata          stm32f4xx_hal_dma.o
    0x08008e84   0x08008e84   0x0000000c   Data   RO         6563    .constdata          AHRS.lib(ahrs.o)
    0x08008e90   0x08008e90   0x0000003e   Data   RO         1619    .conststring        freertos.o
    0x08008ece   0x08008ece   0x00000002   PAD
    0x08008ed0   0x08008ed0   0x00000804   Data   RO         6803    .rodata.sinTable_f32  arm_cortexM4l_math.lib(arm_common_tables.o)
    0x080096d4   0x080096d4   0x00000020   Data   RO         7161    Region$$Table       anon$$obj.o


    Execution Region RW_IRAM1 (Exec base: 0x20000000, Load base: 0x080096f4, Size: 0x00005a20, Max: 0x0001c000, ABSOLUTE, COMPRESSED[0x000001cc])

    Exec Addr    Load Addr    Size         Type   Attr      Idx    E Section Name        Object

    0x20000000   COMPRESSED   0x00000002   Data   RW          268    .data               covertask.o
    0x20000002   COMPRESSED   0x00000002   PAD
    0x20000004   COMPRESSED   0x00000021   Data   RW          369    .data               firetask.o
    0x20000025   COMPRESSED   0x00000003   PAD
    0x20000028   COMPRESSED   0x00000038   Data   RW          408    .data               gimbaltask.o
    0x20000060   COMPRESSED   0x000001b6   Data   RW          468    .data               ins_task.o
    0x20000216   COMPRESSED   0x00000002   PAD
    0x20000218   COMPRESSED   0x0000000b   Data   RW          535    .data               statetask.o
    0x20000223   COMPRESSED   0x00000001   PAD
    0x20000224   COMPRESSED   0x00000188   Data   RW          730    .data               bsp_can.o
    0x200003ac   COMPRESSED   0x00000230   Data   RW         1086    .data               motor.o
    0x200005dc   COMPRESSED   0x0000002c   Data   RW         1169    .data               bmi088_driver.o
    0x20000608   COMPRESSED   0x00000014   Data   RW         1620    .data               freertos.o
    0x2000061c   COMPRESSED   0x00000004   Data   RW         1681    .data               can.o
    0x20000620   COMPRESSED   0x00000004   Data   RW         2072    .data               system_stm32f4xx.o
    0x20000624   COMPRESSED   0x0000003c   Data   RW         2633    .data               tasks.o
    0x20000660   COMPRESSED   0x00000020   Data   RW         3326    .data               heap_4.o
    0x20000680   COMPRESSED   0x0000000c   Data   RW         3394    .data               port.o
    0x2000068c   COMPRESSED   0x00000009   Data   RW         4649    .data               stm32f4xx_hal.o
    0x20000695   COMPRESSED   0x00000003   PAD
    0x20000698   COMPRESSED   0x00000010   Data   RW         6564    .data               AHRS.lib(ahrs.o)
    0x200006a8        -       0x00000abc   Zero   RW          466    .bss                ins_task.o
    0x20001164        -       0x00000009   Zero   RW          534    .bss                statetask.o
    0x2000116d   COMPRESSED   0x00000003   PAD
    0x20001170        -       0x0000001c   Zero   RW          571    .bss                vision.o
    0x2000118c        -       0x00000064   Zero   RW          677    .bss                bsp_rc.o
    0x200011f0        -       0x00000028   Zero   RW          729    .bss                bsp_can.o
    0x20001218        -       0x0000001c   Zero   RW         1133    .bss                message.o
    0x20001234        -       0x00000020   Zero   RW         1167    .bss                bmi088_driver.o
    0x20001254        -       0x00000254   Zero   RW         1617    .bss                freertos.o
    0x200014a8        -       0x00000050   Zero   RW         1680    .bss                can.o
    0x200014f8        -       0x00000058   Zero   RW         1752    .bss                spi.o
    0x20001550        -       0x00000090   Zero   RW         1798    .bss                tim.o
    0x200015e0        -       0x000000a4   Zero   RW         1860    .bss                usart.o
    0x20001684        -       0x00000048   Zero   RW         2026    .bss                stm32f4xx_hal_timebase_tim.o
    0x200016cc        -       0x000000f0   Zero   RW         2632    .bss                tasks.o
    0x200017bc        -       0x00003c00   Zero   RW         3325    .bss                heap_4.o
    0x200053bc        -       0x00000060   Zero   RW         7019    .bss                c_w.l(libspace.o)
    0x2000541c   COMPRESSED   0x00000004   PAD
    0x20005420        -       0x00000200   Zero   RW         2060    HEAP                startup_stm32f407xx.o
    0x20005620        -       0x00000400   Zero   RW         2059    STACK               startup_stm32f407xx.o


    Execution Region RW_IRAM2 (Exec base: 0x2001c000, Load base: 0x080098c0, Size: 0x00000000, Max: 0x00004000, ABSOLUTE)

    **** No section assigned to this execution region ****


==============================================================================

Image component sizes


      Code (inc. data)   RO Data    RW Data    ZI Data      Debug   Object Name

       168          4          0          0          0       4760   ahrs_middleware.o
         0          0          0          0          0     709168   assist.o
      2204         34         18         44         32      11303   bmi088_driver.o
        32          0          0          0          0       2579   bsp.o
       116         28          0          0          0       2543   bsp_bmi088.o
       496         56          0        392         40       3611   bsp_can.o
       616         22          0          0        100       3942   bsp_rc.o
        28          8          0          0          0        972   bsp_tim.o
        76         10          0          0          0        915   bsp_usart.o
       496         44          0          4         80       2462   can.o
       182          0          0          0          0      29426   cmsis_os.o
       128         20          0          2          0      34782   covertask.o
        56          4          0          0          0        770   dma.o
         0          0          0          0          0      16792   event_groups.o
       820         52         72         33          0       2357   firetask.o
       176         36        202         20        596       2360   freertos.o
      1460        114         48         56          0       3075   gimbaltask.o
       360         18          0          0          0       1115   gpio.o
        84          0          0          0          0       1598   haltick.o
       724         74          0         32      15360       7455   heap_4.o
      1996        174         12        438       2748       6560   ins_task.o
       148          0          0          0          0       3586   list.o
       260         10          0          0          0       2720   main.o
        96          6          0          0         28        715   message.o
       500         26          0        560          0       3289   motor.o
       824         28          0          0          0       9332   pid.o
      1014         92          0         12          0      12085   port.o
       264         24          0          0         88       1753   spi.o
        64         26        392          0       1536        816   startup_stm32f407xx.o
      1524         86          0         11          9       2993   statetask.o
       136         24          0          9          0       8738   stm32f4xx_hal.o
      2134          6          0          0          0      14363   stm32f4xx_hal_can.o
       252         22          0          0          0      33694   stm32f4xx_hal_cortex.o
      1246         16          8          0          0       5387   stm32f4xx_hal_dma.o
       562         50          0          0          0       3985   stm32f4xx_hal_gpio.o
        84          6          0          0          0        866   stm32f4xx_hal_msp.o
      1888         94          0          0          0       6289   stm32f4xx_hal_rcc.o
      1078         14          0          0          0       4677   stm32f4xx_hal_spi.o
      2004        142          0          0          0      12098   stm32f4xx_hal_tim.o
       300         30          0          0          0       3329   stm32f4xx_hal_tim_ex.o
       180         18          0          0         72       1475   stm32f4xx_hal_timebase_tim.o
      1918         14          0          0          0       9576   stm32f4xx_hal_uart.o
       126         28          0          0          0       6333   stm32f4xx_it.o
        20          6         24          4          0       1139   system_stm32f4xx.o
      2412        292          0         60        240      22982   tasks.o
       564         52          0          0        144       3689   tim.o
       284         34          0          0        164       1809   usart.o
         0          0          0          0         28       1535   vision.o

    ----------------------------------------------------------------------
     30138       1844        812       1688      21268    1027798   Object Totals
         0          0         32          0          0          0   (incl. Generated)
        38          0          4         11          3          0   (incl. Padding)

    ----------------------------------------------------------------------

      Code (inc. data)   RO Data    RW Data    ZI Data      Debug   Library Member Name

      2718         84         12         16          0       9922   ahrs.o
         0          0       2052          0          0       4961   arm_common_tables.o
       168          0          0          0          0        957   arm_cos_f32.o
       160          0          0          0          0        952   arm_sin_f32.o
        90          0          0          0          0          0   __dczerorl2.o
         8          0          0          0          0         68   __main.o
         0          0          0          0          0          0   __rtentry.o
        12          0          0          0          0          0   __rtentry2.o
         6          0          0          0          0          0   __rtentry4.o
        52          8          0          0          0          0   __scatter.o
        28          0          0          0          0          0   __scatter_zi.o
        22          0          0          0          0        100   _rserrno.o
        16          0          0          0          0         68   aeabi_memset.o
        18          0          0          0          0         80   exit.o
         6          0          0          0          0        152   heapauxi.o
         0          0          0          0          0          0   indicate_semi.o
         2          0          0          0          0          0   libinit.o
         6          0          0          0          0          0   libinit2.o
         2          0          0          0          0          0   libshutdown.o
         2          0          0          0          0          0   libshutdown2.o
         8          4          0          0         96         68   libspace.o
       238          0          0          0          0        100   lludivv7m.o
         8          4          0          0          0         68   rt_errno_addr_intlibspace.o
        68          0          0          0          0         68   rt_memclr.o
        78          0          0          0          0         80   rt_memclr_w.o
       100          0          0          0          0         80   rt_memcpy_w.o
         2          0          0          0          0          0   rtexit.o
        10          0          0          0          0          0   rtexit2.o
        12          4          0          0          0         68   sys_exit.o
        74          0          0          0          0         80   sys_stackheap_outer.o
         2          0          0          0          0         68   use_no_semi.o
        36          0          0          0          0        232   faddsub_clz.o
        84          0          0          0          0        244   fcmp.o
        24          0          0          0          0        116   fcmpi.o
        48          4          0          0          0        132   feqf.o
        14          0          0          0          0        116   ffix.o
        14          0          0          0          0        116   ffixu.o
        28          0          0          0          0        232   fflt_clz.o
        48          4          0          0          0        132   fgeqf.o
        48          4          0          0          0        132   fleqf.o
        18          0          0          0          0        116   fmul.o
       140          4          0          0          0        132   fnaninf.o
        10          0          0          0          0        116   fpinit.o
         0          0          0          0          0          0   usenofp.o
       300         42          0          0          0        176   asinf.o
       684         90          0          0          0        208   atan2f.o
        38          0          0          0          0        116   fpclassifyf.o
        44         12          0          0          0        464   funder.o
       120          0          0          0          0        272   sqrtf.o

    ----------------------------------------------------------------------
      5630        264       2064         16        100      20992   Library Totals
        16          0          0          0          4          0   (incl. Padding)

    ----------------------------------------------------------------------

      Code (inc. data)   RO Data    RW Data    ZI Data      Debug   Library Name

      2718         84         12         16          0       9922   AHRS.lib
       328          0       2052          0          0       6870   arm_cortexM4l_math.lib
       870         20          0          0         96       1148   c_w.l
       512         16          0          0          0       1816   fz_wm.l
      1186        144          0          0          0       1236   m_wm.l

    ----------------------------------------------------------------------
      5630        264       2064         16        100      20992   Library Totals

    ----------------------------------------------------------------------

==============================================================================


      Code (inc. data)   RO Data    RW Data    ZI Data      Debug   

     35768       2108       2876       1704      21368    1024254   Grand Totals
     35768       2108       2876        460      21368    1024254   ELF Image Totals (compressed)
     35768       2108       2876        460          0          0   ROM Totals

==============================================================================

    Total RO  Size (Code + RO Data)                38644 (  37.74kB)
    Total RW  Size (RW Data + ZI Data)             23072 (  22.53kB)
    Total ROM Size (Code + RO Data + RW Data)      39104 (  38.19kB)

==============================================================================

